Archive member included to satisfy reference by file (symbol)

app/libapp.a(main.c.obj)      (--whole-archive)
app/libapp.a(duck1.c.obj)     (--whole-archive)
app/libapp.a(duck2.c.obj)     (--whole-archive)
app/libapp.a(goose.c.obj)     (--whole-archive)
app/libapp.a(rando_sleep.c.obj)
                              (--whole-archive)
zephyr/libzephyr.a(cbprintf_packaged.c.obj)
                              (--whole-archive)
zephyr/libzephyr.a(dec.c.obj)
                              (--whole-archive)
zephyr/libzephyr.a(fdtable.c.obj)
                              (--whole-archive)
zephyr/libzephyr.a(hex.c.obj)
                              (--whole-archive)
zephyr/libzephyr.a(printk.c.obj)
                              (--whole-archive)
zephyr/libzephyr.a(rb.c.obj)  (--whole-archive)
zephyr/libzephyr.a(sem.c.obj)
                              (--whole-archive)
zephyr/libzephyr.a(thread_entry.c.obj)
                              (--whole-archive)
zephyr/libzephyr.a(timeutil.c.obj)
                              (--whole-archive)
zephyr/libzephyr.a(heap.c.obj)
                              (--whole-archive)
zephyr/libzephyr.a(heap-validate.c.obj)
                              (--whole-archive)
zephyr/libzephyr.a(bitarray.c.obj)
                              (--whole-archive)
zephyr/libzephyr.a(multi_heap.c.obj)
                              (--whole-archive)
zephyr/libzephyr.a(onoff.c.obj)
                              (--whole-archive)
zephyr/libzephyr.a(notify.c.obj)
                              (--whole-archive)
zephyr/libzephyr.a(crc32c_sw.c.obj)
                              (--whole-archive)
zephyr/libzephyr.a(crc32_sw.c.obj)
                              (--whole-archive)
zephyr/libzephyr.a(crc16_sw.c.obj)
                              (--whole-archive)
zephyr/libzephyr.a(crc8_sw.c.obj)
                              (--whole-archive)
zephyr/libzephyr.a(crc7_sw.c.obj)
                              (--whole-archive)
zephyr/libzephyr.a(cbprintf_complete.c.obj)
                              (--whole-archive)
zephyr/libzephyr.a(cbprintf.c.obj)
                              (--whole-archive)
zephyr/libzephyr.a(assert.c.obj)
                              (--whole-archive)
zephyr/libzephyr.a(reboot.c.obj)
                              (--whole-archive)
zephyr/libzephyr.a(configs.c.obj)
                              (--whole-archive)
zephyr/libzephyr.a(soc_nrf_common.S.obj)
                              (--whole-archive)
zephyr/libzephyr.a(validate_base_addresses.c.obj)
                              (--whole-archive)
zephyr/libzephyr.a(validate_enabled_instances.c.obj)
                              (--whole-archive)
zephyr/libzephyr.a(pm.c.obj)  (--whole-archive)
zephyr/libzephyr.a(policy.c.obj)
                              (--whole-archive)
zephyr/libzephyr.a(state.c.obj)
                              (--whole-archive)
zephyr/libzephyr.a(tracing_none.c.obj)
                              (--whole-archive)
zephyr/libzephyr.a(nrf_cc3xx_platform_abort_zephyr.c.obj)
                              (--whole-archive)
zephyr/libzephyr.a(nrf_cc3xx_platform_mutex_zephyr.c.obj)
                              (--whole-archive)
zephyr/arch/common/libarch__common.a(sw_isr_common.c.obj)
                              (--whole-archive)
zephyr/arch/arch/arm/core/aarch32/libarch__arm__core__aarch32.a(cpu_idle.S.obj)
                              (--whole-archive)
zephyr/arch/arch/arm/core/aarch32/libarch__arm__core__aarch32.a(fatal.c.obj)
                              (--whole-archive)
zephyr/arch/arch/arm/core/aarch32/libarch__arm__core__aarch32.a(irq_manage.c.obj)
                              (--whole-archive)
zephyr/arch/arch/arm/core/aarch32/libarch__arm__core__aarch32.a(nmi.c.obj)
                              (--whole-archive)
zephyr/arch/arch/arm/core/aarch32/libarch__arm__core__aarch32.a(nmi_on_reset.S.obj)
                              (--whole-archive)
zephyr/arch/arch/arm/core/aarch32/libarch__arm__core__aarch32.a(prep_c.c.obj)
                              (--whole-archive)
zephyr/arch/arch/arm/core/aarch32/libarch__arm__core__aarch32.a(swap.c.obj)
                              (--whole-archive)
zephyr/arch/arch/arm/core/aarch32/libarch__arm__core__aarch32.a(swap_helper.S.obj)
                              (--whole-archive)
zephyr/arch/arch/arm/core/aarch32/libarch__arm__core__aarch32.a(thread.c.obj)
                              (--whole-archive)
zephyr/arch/arch/arm/core/aarch32/libarch__arm__core__aarch32.a(isr_wrapper.S.obj)
                              (--whole-archive)
zephyr/arch/arch/arm/core/aarch32/cortex_m/libarch__arm__core__aarch32__cortex_m.a(exc_exit.S.obj)
                              (--whole-archive)
zephyr/arch/arch/arm/core/aarch32/cortex_m/libarch__arm__core__aarch32__cortex_m.a(fault.c.obj)
                              (--whole-archive)
zephyr/arch/arch/arm/core/aarch32/cortex_m/libarch__arm__core__aarch32__cortex_m.a(fault_s.S.obj)
                              (--whole-archive)
[...]
Memory Configuration

Name             Origin             Length             Attributes
FLASH            0x0000000000000000 0x0000000000100000 xr
RAM              0x0000000020000000 0x0000000000040000 xw
IDT_LIST         0x00000000fffff7ff 0x0000000000000800 xw
*default*        0x0000000000000000 0xffffffffffffffff

Linker script and memory map

LOAD zephyr/CMakeFiles/zephyr_pre1.dir/misc/empty_file.c.obj
LOAD zephyr/CMakeFiles/zephyr_pre1.dir/dev_handles.c.obj
LOAD app/libapp.a
LOAD zephyr/libzephyr.a
LOAD zephyr/arch/common/libarch__common.a
LOAD zephyr/arch/arch/arm/core/aarch32/libarch__arm__core__aarch32.a
LOAD zephyr/arch/arch/arm/core/aarch32/cortex_m/libarch__arm__core__aarch32__cortex_m.a
LOAD zephyr/arch/arch/arm/core/aarch32/mpu/libarch__arm__core__aarch32__mpu.a
LOAD zephyr/lib/libc/minimal/liblib__libc__minimal.a
LOAD zephyr/soc/arm/common/cortex_m/libsoc__arm__common__cortex_m.a
LOAD zephyr/soc/arm/nordic_nrf/nrf52/libsoc__arm__nordic_nrf__nrf52.a
LOAD zephyr/drivers/clock_control/libdrivers__clock_control.a
LOAD zephyr/drivers/console/libdrivers__console.a
LOAD zephyr/drivers/gpio/libdrivers__gpio.a
LOAD zephyr/drivers/pinctrl/libdrivers__pinctrl.a
LOAD zephyr/drivers/serial/libdrivers__serial.a
LOAD zephyr/drivers/timer/libdrivers__timer.a
LOAD modules/nrf/lib/fatal_error/lib..__nrf__lib__fatal_error.a
LOAD modules/nrf/drivers/hw_cc310/lib..__nrf__drivers__hw_cc310.a
LOAD modules/hal_nordic/nrfx/libmodules__hal_nordic__nrfx.a
LOAD modules/segger/libmodules__segger.a
LOAD zephyr/kernel/libkernel.a
LOAD zephyr/CMakeFiles/offsets.dir/./arch/arm/core/offsets/offsets.c.obj
LOAD c:/ncs/toolchains/31f4403e35/opt/zephyr-sdk/arm-zephyr-eabi/bin/../lib/gcc/arm-zephyr-eabi/12.2.0/thumb/v7e-m/nofp\libgcc.a
LOAD zephyr/arch/common/libisr_tables.a
LOAD C:/ncs/v2.4.1/nrfxlib/crypto/nrf_cc310_platform/lib/cortex-m4/soft-float/no-interrupts/libnrf_cc310_platform_0.9.17.a
                0x0000000000000020                _region_min_align = 0x20

.rel.plt        0x0000000000000000        0x0
 *(SORT_BY_ALIGNMENT(.rel.plt))
                [!provide]                        PROVIDE (__rel_iplt_start = .)
 *(SORT_BY_ALIGNMENT(.rel.iplt))
 .rel.iplt      0x0000000000000000        0x0 app/libapp.a(main.c.obj)
                [!provide]                        PROVIDE (__rel_iplt_end = .)

.rela.plt       0x0000000000000000        0x0
 *(SORT_BY_ALIGNMENT(.rela.plt))
                [!provide]                        PROVIDE (__rela_iplt_start = .)
 *(SORT_BY_ALIGNMENT(.rela.iplt))
                [!provide]                        PROVIDE (__rela_iplt_end = .)

.rel.dyn
 *(SORT_BY_ALIGNMENT(.rel.*))

.rela.dyn
 *(SORT_BY_ALIGNMENT(.rela.*))

/DISCARD/
 *(SORT_BY_ALIGNMENT(.plt))

/DISCARD/
 *(SORT_BY_ALIGNMENT(.iplt))
                0x0000000000000000                __rom_region_start = 0x0

rom_start       0x0000000000000000      0x100
                0x0000000000000000                . = 0x0
                0x0000000000000000                . = ALIGN (0x4)
                0x0000000000000000                . = ALIGN (0x80)
                0x0000000000000000                . = ALIGN (0x100)
                0x0000000000000000                _vector_start = .
 *(SORT_BY_ALIGNMENT(.exc_vector_table))
 *(SORT_BY_ALIGNMENT(.exc_vector_table.*))
 .exc_vector_table._vector_table_section
                0x0000000000000000       0x40 zephyr/arch/arch/arm/core/aarch32/cortex_m/libarch__arm__core__aarch32__cortex_m.a(vector_table.S.obj)
                0x0000000000000000                _vector_table
 *(SORT_BY_ALIGNMENT(.vectors))
                0x0000000000000100                _vector_end = .
                0x0000000000000040                . = ALIGN (0x4)
 *(SORT_BY_ALIGNMENT(.gnu.linkonce.irq_vector_table*))
 .gnu.linkonce.irq_vector_table
                0x0000000000000040       0xc0 zephyr/arch/common/libisr_tables.a(isr_tables.c.obj)
                0x0000000000000040                _irq_vector_table
                0x0000000000000100                _vector_end = .

text            0x0000000000000100     0x525c
                0x0000000000000100                __text_region_start = .
 *(SORT_BY_ALIGNMENT(.text))
 .text          0x0000000000000100       0x30 c:/ncs/toolchains/31f4403e35/opt/zephyr-sdk/arm-zephyr-eabi/bin/../lib/gcc/arm-zephyr-eabi/12.2.0/thumb/v7e-m/nofp\libgcc.a(_aeabi_uldivmod.o)
                0x0000000000000100                __aeabi_uldivmod
 .text          0x0000000000000130        0x4 c:/ncs/toolchains/31f4403e35/opt/zephyr-sdk/arm-zephyr-eabi/bin/../lib/gcc/arm-zephyr-eabi/12.2.0/thumb/v7e-m/nofp\libgcc.a(_dvmd_tls.o)
                0x0000000000000130                __aeabi_idiv0
                0x0000000000000130                __aeabi_ldiv0
 .text          0x0000000000000134      0x2a0 c:/ncs/toolchains/31f4403e35/opt/zephyr-sdk/arm-zephyr-eabi/bin/../lib/gcc/arm-zephyr-eabi/12.2.0/thumb/v7e-m/nofp\libgcc.a(_udivmoddi4.o)
                0x0000000000000134                __udivmoddi4
 *(SORT_BY_ALIGNMENT(.text.*))
 .text.Main_THREAD
                0x00000000000003d4       0x84 app/libapp.a(main.c.obj)
                0x00000000000003d4                Main_THREAD
 .text.Duck1_THREAD
                0x0000000000000458       0x3c app/libapp.a(duck1.c.obj)
                0x0000000000000458                Duck1_THREAD
 .text.Duck2_THREAD
                0x0000000000000494       0x3c app/libapp.a(duck2.c.obj)
                0x0000000000000494                Duck2_THREAD
 .text.Goose_THREAD
                0x00000000000004d0       0x3c app/libapp.a(goose.c.obj)
                0x00000000000004d0                Goose_THREAD
 .text.RandomSleepBounded
                0x000000000000050c       0x78 app/libapp.a(rando_sleep.c.obj)
                0x000000000000050c                RandomSleepBounded
 .text.char_out
                0x0000000000000584        0xc zephyr/libzephyr.a(printk.c.obj)
 .text.__printk_hook_install
                0x0000000000000590        0xc zephyr/libzephyr.a(printk.c.obj)
                0x0000000000000590                __printk_hook_install
 .text.vprintk  0x000000000000059c       0x1c zephyr/libzephyr.a(printk.c.obj)
                0x000000000000059c                vprintk
 .text.process_event
                0x00000000000005b8      0x21c zephyr/libzephyr.a(onoff.c.obj)
 .text.z_cbvprintf_impl
                0x00000000000007d4      0x764 zephyr/libzephyr.a(cbprintf_complete.c.obj)
                0x00000000000007d4                z_cbvprintf_impl
 .text.sys_reboot
                0x0000000000000f38       0x30 zephyr/libzephyr.a(reboot.c.obj)
                0x0000000000000f38                sys_reboot
 .text.z_arm_platform_init
                0x0000000000000f68        0x4 zephyr/libzephyr.a(soc_nrf_common.S.obj)
                0x0000000000000f68                z_arm_platform_init
 .text.pm_state_notify
                0x0000000000000f6c       0x5c zephyr/libzephyr.a(pm.c.obj)
 .text.pm_system_resume
                0x0000000000000fc8       0x78 zephyr/libzephyr.a(pm.c.obj)
                0x0000000000000fc8                pm_system_resume
 .text.pm_system_suspend
                0x0000000000001040       0xf8 zephyr/libzephyr.a(pm.c.obj)
                0x0000000000001040                pm_system_suspend
 .text.pm_policy_next_state
                0x0000000000001138       0x94 zephyr/libzephyr.a(policy.c.obj)
                0x0000000000001138                pm_policy_next_state
 .text.pm_state_cpu_get_all
                0x00000000000011cc       0x10 zephyr/libzephyr.a(state.c.obj)
                0x00000000000011cc                pm_state_cpu_get_all
 .text.nrf_cc3xx_platform_abort_init
                0x00000000000011dc        0xc zephyr/libzephyr.a(nrf_cc3xx_platform_abort_zephyr.c.obj)
                0x00000000000011dc                nrf_cc3xx_platform_abort_init
 .text.mutex_free_platform
                0x00000000000011e8       0x54 zephyr/libzephyr.a(nrf_cc3xx_platform_mutex_zephyr.c.obj)
 .text.mutex_lock_platform
                0x000000000000123c       0x60 zephyr/libzephyr.a(nrf_cc3xx_platform_mutex_zephyr.c.obj)
 .text.mutex_unlock_platform
                0x000000000000129c       0x58 zephyr/libzephyr.a(nrf_cc3xx_platform_mutex_zephyr.c.obj)
 .text.mutex_init_platform
                0x00000000000012f4       0x94 zephyr/libzephyr.a(nrf_cc3xx_platform_mutex_zephyr.c.obj)
 .text.nrf_cc3xx_platform_mutex_init
                0x0000000000001388       0x2c zephyr/libzephyr.a(nrf_cc3xx_platform_mutex_zephyr.c.obj)
                0x0000000000001388                nrf_cc3xx_platform_mutex_init
 .text.z_arm_cpu_idle_init
                0x00000000000013b4        0xc zephyr/arch/arch/arm/core/aarch32/libarch__arm__core__aarch32.a(cpu_idle.S.obj)
                0x00000000000013b4                z_arm_cpu_idle_init
 .text.arch_cpu_idle
                0x00000000000013c0       0x1c zephyr/arch/arch/arm/core/aarch32/libarch__arm__core__aarch32.a(cpu_idle.S.obj)
                0x00000000000013c0                arch_cpu_idle
 .text.arch_cpu_atomic_idle
                0x00000000000013dc       0x18 zephyr/arch/arch/arm/core/aarch32/libarch__arm__core__aarch32.a(cpu_idle.S.obj)
                0x00000000000013dc                arch_cpu_atomic_idle
 .text.arch_irq_enable
                0x00000000000013f4       0x1c zephyr/arch/arch/arm/core/aarch32/libarch__arm__core__aarch32.a(irq_manage.c.obj)
                0x00000000000013f4                arch_irq_enable
 .text.arch_irq_disable
                0x0000000000001410       0x28 zephyr/arch/arch/arm/core/aarch32/libarch__arm__core__aarch32.a(irq_manage.c.obj)
                0x0000000000001410                arch_irq_disable
 .text.arch_irq_is_enabled
                0x0000000000001438       0x1c zephyr/arch/arch/arm/core/aarch32/libarch__arm__core__aarch32.a(irq_manage.c.obj)
                0x0000000000001438                arch_irq_is_enabled
 .text.z_arm_irq_priority_set
                0x0000000000001454       0x30 zephyr/arch/arch/arm/core/aarch32/libarch__arm__core__aarch32.a(irq_manage.c.obj)
                0x0000000000001454                z_arm_irq_priority_set
 .text.z_SysNmiOnReset
                0x0000000000001484        0x8 zephyr/arch/arch/arm/core/aarch32/libarch__arm__core__aarch32.a(nmi_on_reset.S.obj)
                0x0000000000001484                z_SysNmiOnReset
 .text.z_arm_prep_c
                0x000000000000148c       0x38 zephyr/arch/arch/arm/core/aarch32/libarch__arm__core__aarch32.a(prep_c.c.obj)
                0x000000000000148c                z_arm_prep_c
 .text.arch_swap
                0x00000000000014c4       0x34 zephyr/arch/arch/arm/core/aarch32/libarch__arm__core__aarch32.a(swap.c.obj)
                0x00000000000014c4                arch_swap
 .text.z_arm_pendsv
                0x00000000000014f8       0x54 zephyr/arch/arch/arm/core/aarch32/libarch__arm__core__aarch32.a(swap_helper.S.obj)
                0x00000000000014f8                z_arm_pendsv
 .text.z_arm_svc
                0x000000000000154c       0x20 zephyr/arch/arch/arm/core/aarch32/libarch__arm__core__aarch32.a(swap_helper.S.obj)
                0x000000000000154c                z_arm_svc
 .text.arch_new_thread
                0x000000000000156c       0x38 zephyr/arch/arch/arm/core/aarch32/libarch__arm__core__aarch32.a(thread.c.obj)
                0x000000000000156c                arch_new_thread
 .text.z_check_thread_stack_fail
                0x00000000000015a4       0x2c zephyr/arch/arch/arm/core/aarch32/libarch__arm__core__aarch32.a(thread.c.obj)
                0x00000000000015a4                z_check_thread_stack_fail
 .text.arch_switch_to_main_thread
                0x00000000000015d0       0x2c zephyr/arch/arch/arm/core/aarch32/libarch__arm__core__aarch32.a(thread.c.obj)
                0x00000000000015d0                arch_switch_to_main_thread
 .text._isr_wrapper
                0x00000000000015fc       0x40 zephyr/arch/arch/arm/core/aarch32/libarch__arm__core__aarch32.a(isr_wrapper.S.obj)
                0x00000000000015fc                _isr_wrapper
 .text._HandlerModeExit
                0x000000000000163c       0x1c zephyr/arch/arch/arm/core/aarch32/cortex_m/libarch__arm__core__aarch32__cortex_m.a(exc_exit.S.obj)
                0x000000000000163c                z_arm_int_exit
                0x000000000000163c                z_arm_exc_exit
 .text.mem_manage_fault
                0x0000000000001658       0xa0 zephyr/arch/arch/arm/core/aarch32/cortex_m/libarch__arm__core__aarch32__cortex_m.a(fault.c.obj)
 .text.usage_fault.constprop.0
                0x00000000000016f8       0x54 zephyr/arch/arch/arm/core/aarch32/cortex_m/libarch__arm__core__aarch32__cortex_m.a(fault.c.obj)
 .text.bus_fault.constprop.0
                0x000000000000174c       0x6c zephyr/arch/arch/arm/core/aarch32/cortex_m/libarch__arm__core__aarch32__cortex_m.a(fault.c.obj)
 .text.z_arm_fault
                0x00000000000017b8      0x11c zephyr/arch/arch/arm/core/aarch32/cortex_m/libarch__arm__core__aarch32__cortex_m.a(fault.c.obj)
                0x00000000000017b8                z_arm_fault
 .text.z_arm_fault_init
                0x00000000000018d4       0x10 zephyr/arch/arch/arm/core/aarch32/cortex_m/libarch__arm__core__aarch32__cortex_m.a(fault.c.obj)
                0x00000000000018d4                z_arm_fault_init
 .text.__fault  0x00000000000018e4       0x14 zephyr/arch/arch/arm/core/aarch32/cortex_m/libarch__arm__core__aarch32__cortex_m.a(fault_s.S.obj)
                0x00000000000018e4                z_arm_usage_fault
                0x00000000000018e4                z_arm_mpu_fault
                0x00000000000018e4                z_arm_exc_spurious
                0x00000000000018e4                z_arm_debug_monitor
                0x00000000000018e4                z_arm_hard_fault
                0x00000000000018e4                z_arm_bus_fault
 .text.z_arm_interrupt_init
                0x00000000000018f8       0x18 zephyr/arch/arch/arm/core/aarch32/cortex_m/libarch__arm__core__aarch32__cortex_m.a(irq_init.c.obj)
                0x00000000000018f8                z_arm_interrupt_init
 .text._reset_section
                0x0000000000001910       0x54 zephyr/arch/arch/arm/core/aarch32/cortex_m/libarch__arm__core__aarch32__cortex_m.a(reset.S.obj)
                0x0000000000001910                __start
                0x0000000000001910                z_arm_reset
 .text.z_arm_clear_arm_mpu_config
                0x0000000000001964       0x24 zephyr/arch/arch/arm/core/aarch32/cortex_m/libarch__arm__core__aarch32__cortex_m.a(scb.c.obj)
                0x0000000000001964                z_arm_clear_arm_mpu_config
 .text.z_arm_init_arch_hw_at_boot
                0x0000000000001988       0x64 zephyr/arch/arch/arm/core/aarch32/cortex_m/libarch__arm__core__aarch32__cortex_m.a(scb.c.obj)
                0x0000000000001988                z_arm_init_arch_hw_at_boot
 .text.z_impl_k_thread_abort
                0x00000000000019ec       0x2c zephyr/arch/arch/arm/core/aarch32/cortex_m/libarch__arm__core__aarch32__cortex_m.a(thread_abort.c.obj)
                0x00000000000019ec                z_impl_k_thread_abort
 .text.z_arm_configure_static_mpu_regions
                0x0000000000001a18       0x18 zephyr/arch/arch/arm/core/aarch32/mpu/libarch__arm__core__aarch32__mpu.a(arm_core_mpu.c.obj)
                0x0000000000001a18                z_arm_configure_static_mpu_regions
 .text.z_arm_configure_dynamic_mpu_regions
                0x0000000000001a30       0x20 zephyr/arch/arch/arm/core/aarch32/mpu/libarch__arm__core__aarch32__mpu.a(arm_core_mpu.c.obj)
                0x0000000000001a30                z_arm_configure_dynamic_mpu_regions
 .text.mpu_configure_regions
                0x0000000000001a50       0x88 zephyr/arch/arch/arm/core/aarch32/mpu/libarch__arm__core__aarch32__mpu.a(arm_mpu.c.obj)
 .text.arm_core_mpu_enable
                0x0000000000001ad8       0x18 zephyr/arch/arch/arm/core/aarch32/mpu/libarch__arm__core__aarch32__mpu.a(arm_mpu.c.obj)
                0x0000000000001ad8                arm_core_mpu_enable
 .text.arm_core_mpu_disable
                0x0000000000001af0       0x14 zephyr/arch/arch/arm/core/aarch32/mpu/libarch__arm__core__aarch32__mpu.a(arm_mpu.c.obj)
                0x0000000000001af0                arm_core_mpu_disable
 .text.arm_core_mpu_configure_static_mpu_regions
                0x0000000000001b04       0x14 zephyr/arch/arch/arm/core/aarch32/mpu/libarch__arm__core__aarch32__mpu.a(arm_mpu.c.obj)
                0x0000000000001b04                arm_core_mpu_configure_static_mpu_regions
 .text.arm_core_mpu_configure_dynamic_mpu_regions
                0x0000000000001b18       0x30 zephyr/arch/arch/arm/core/aarch32/mpu/libarch__arm__core__aarch32__mpu.a(arm_mpu.c.obj)
                0x0000000000001b18                arm_core_mpu_configure_dynamic_mpu_regions
 .text.z_arm_mpu_init
                0x0000000000001b48       0x60 zephyr/arch/arch/arm/core/aarch32/mpu/libarch__arm__core__aarch32__mpu.a(arm_mpu.c.obj)
                0x0000000000001b48                z_arm_mpu_init
 .text.__stdout_hook_install
                0x0000000000001ba8        0xc zephyr/lib/libc/minimal/liblib__libc__minimal.a(stdout_console.c.obj)
                0x0000000000001ba8                __stdout_hook_install
 .text.nordicsemi_nrf52_init
                0x0000000000001bb4       0x60 zephyr/soc/arm/nordic_nrf/nrf52/libsoc__arm__nordic_nrf__nrf52.a(soc.c.obj)
 .text.sys_arch_reboot
                0x0000000000001c14       0x2c zephyr/soc/arm/nordic_nrf/nrf52/libsoc__arm__nordic_nrf__nrf52.a(soc.c.obj)
                0x0000000000001c14                sys_arch_reboot
 .text.arch_busy_wait
                0x0000000000001c40       0x14 zephyr/soc/arm/nordic_nrf/nrf52/libsoc__arm__nordic_nrf__nrf52.a(soc.c.obj)
                0x0000000000001c40                arch_busy_wait
 .text.onoff_stop
                0x0000000000001c54       0x30 zephyr/drivers/clock_control/libdrivers__clock_control.a(clock_control_nrf.c.obj)
 .text.onoff_start
                0x0000000000001c84       0x44 zephyr/drivers/clock_control/libdrivers__clock_control.a(clock_control_nrf.c.obj)
 .text.clk_init
                0x0000000000001cc8       0x58 zephyr/drivers/clock_control/libdrivers__clock_control.a(clock_control_nrf.c.obj)
 .text.clkstarted_handle.constprop.0
                0x0000000000001d20       0x34 zephyr/drivers/clock_control/libdrivers__clock_control.a(clock_control_nrf.c.obj)
 .text.clock_event_handler
                0x0000000000001d54       0x1c zephyr/drivers/clock_control/libdrivers__clock_control.a(clock_control_nrf.c.obj)
 .text.generic_hfclk_start
                0x0000000000001d70       0x64 zephyr/drivers/clock_control/libdrivers__clock_control.a(clock_control_nrf.c.obj)
 .text.api_blocking_start
                0x0000000000001dd4       0x34 zephyr/drivers/clock_control/libdrivers__clock_control.a(clock_control_nrf.c.obj)
 .text.generic_hfclk_stop
                0x0000000000001e08       0x34 zephyr/drivers/clock_control/libdrivers__clock_control.a(clock_control_nrf.c.obj)
 .text.z_nrf_clock_control_lf_on
                0x0000000000001e3c       0xfc zephyr/drivers/clock_control/libdrivers__clock_control.a(clock_control_nrf.c.obj)
                0x0000000000001e3c                z_nrf_clock_control_lf_on
 .text.uart_console_init
                0x0000000000001f38       0x28 zephyr/drivers/console/libdrivers__console.a(uart_console.c.obj)
 .text.console_out
                0x0000000000001f60       0x28 zephyr/drivers/console/libdrivers__console.a(uart_console.c.obj)
 .text.gpio_nrfx_pin_interrupt_configure
                0x0000000000001f88       0xd4 zephyr/drivers/gpio/libdrivers__gpio.a(gpio_nrfx.c.obj)
 .text.gpio_nrfx_init
                0x000000000000205c       0x38 zephyr/drivers/gpio/libdrivers__gpio.a(gpio_nrfx.c.obj)
 .text.nrfx_gpio_handler
                0x0000000000002094       0x4c zephyr/drivers/gpio/libdrivers__gpio.a(gpio_nrfx.c.obj)
 .text.gpio_nrfx_pin_configure
                0x00000000000020e0      0x128 zephyr/drivers/gpio/libdrivers__gpio.a(gpio_nrfx.c.obj)
 .text.pinctrl_configure_pins
                0x0000000000002208      0x174 zephyr/drivers/pinctrl/libdrivers__pinctrl.a(pinctrl_nrf.c.obj)
                0x0000000000002208                pinctrl_configure_pins
 .text.uarte_nrfx_configure
                0x000000000000237c      0x168 zephyr/drivers/serial/libdrivers__serial.a(uart_nrfx_uarte.c.obj)
 .text.uarte_0_init
                0x00000000000024e4       0xfc zephyr/drivers/serial/libdrivers__serial.a(uart_nrfx_uarte.c.obj)
 .text.uarte_nrfx_poll_out
                0x00000000000025e0       0xcc zephyr/drivers/serial/libdrivers__serial.a(uart_nrfx_uarte.c.obj)
 .text.compare_int_lock
                0x00000000000026ac       0x48 zephyr/drivers/timer/libdrivers__timer.a(nrf_rtc_timer.c.obj)
 .text.sys_clock_timeout_handler
                0x00000000000026f4       0x48 zephyr/drivers/timer/libdrivers__timer.a(nrf_rtc_timer.c.obj)
 .text.compare_int_unlock
                0x000000000000273c       0x5c zephyr/drivers/timer/libdrivers__timer.a(nrf_rtc_timer.c.obj)
 .text.z_nrf_rtc_timer_read
                0x0000000000002798       0x44 zephyr/drivers/timer/libdrivers__timer.a(nrf_rtc_timer.c.obj)
                0x0000000000002798                z_nrf_rtc_timer_read
 .text.compare_set
                0x00000000000027dc      0x11c zephyr/drivers/timer/libdrivers__timer.a(nrf_rtc_timer.c.obj)
 .text.sys_clock_driver_init
                0x00000000000028f8       0x8c zephyr/drivers/timer/libdrivers__timer.a(nrf_rtc_timer.c.obj)
 .text.rtc_nrf_isr
                0x0000000000002984       0xd4 zephyr/drivers/timer/libdrivers__timer.a(nrf_rtc_timer.c.obj)
                0x0000000000002984                rtc_nrf_isr
 .text.sys_clock_set_timeout
                0x0000000000002a58       0x64 zephyr/drivers/timer/libdrivers__timer.a(nrf_rtc_timer.c.obj)
                0x0000000000002a58                sys_clock_set_timeout
 .text.sys_clock_elapsed
                0x0000000000002abc       0x14 zephyr/drivers/timer/libdrivers__timer.a(nrf_rtc_timer.c.obj)
                0x0000000000002abc                sys_clock_elapsed
 .text.sys_clock_disable
                0x0000000000002ad0       0x30 zephyr/drivers/timer/libdrivers__timer.a(nrf_rtc_timer.c.obj)
                0x0000000000002ad0                sys_clock_disable
 .text.nrf52_errata_98
                0x0000000000002b00       0x24 modules/hal_nordic/nrfx/libmodules__hal_nordic__nrfx.a(system_nrf52840.c.obj)
 .text.nvmc_wait
                0x0000000000002b24       0x10 modules/hal_nordic/nrfx/libmodules__hal_nordic__nrfx.a(system_nrf52840.c.obj)
                0x0000000000002b24                nvmc_wait
 .text.SystemInit
                0x0000000000002b34      0x1bc modules/hal_nordic/nrfx/libmodules__hal_nordic__nrfx.a(system_nrf52840.c.obj)
                0x0000000000002b34                SystemInit
 .text.nrfx_flag32_alloc
                0x0000000000002cf0       0x40 modules/hal_nordic/nrfx/libmodules__hal_nordic__nrfx.a(nrfx_flag32_allocator.c.obj)
                0x0000000000002cf0                nrfx_flag32_alloc
 .text.nrfx_flag32_free
                0x0000000000002d30       0x40 modules/hal_nordic/nrfx/libmodules__hal_nordic__nrfx.a(nrfx_flag32_allocator.c.obj)
                0x0000000000002d30                nrfx_flag32_free
 .text.clock_stop
                0x0000000000002d70       0xc8 modules/hal_nordic/nrfx/libmodules__hal_nordic__nrfx.a(nrfx_clock.c.obj)
 .text.nrfx_clock_init
                0x0000000000002e38       0x20 modules/hal_nordic/nrfx/libmodules__hal_nordic__nrfx.a(nrfx_clock.c.obj)
                0x0000000000002e38                nrfx_clock_init
 .text.nrfx_power_clock_irq_handler
                0x0000000000002e58       0x68 modules/hal_nordic/nrfx/libmodules__hal_nordic__nrfx.a(nrfx_clock.c.obj)
                0x0000000000002e58                nrfx_power_clock_irq_handler
 .text.nrf_gpio_pin_port_decode
                0x0000000000002ec0       0x1c modules/hal_nordic/nrfx/libmodules__hal_nordic__nrfx.a(nrfx_gpiote.c.obj)
 .text.pin_in_use_by_te
                0x0000000000002edc       0x14 modules/hal_nordic/nrfx/libmodules__hal_nordic__nrfx.a(nrfx_gpiote.c.obj)
 .text.call_handler
                0x0000000000002ef0       0x3c modules/hal_nordic/nrfx/libmodules__hal_nordic__nrfx.a(nrfx_gpiote.c.obj)
 .text.release_handler
                0x0000000000002f2c       0x54 modules/hal_nordic/nrfx/libmodules__hal_nordic__nrfx.a(nrfx_gpiote.c.obj)
 .text.pin_handler_trigger_uninit
                0x0000000000002f80       0x38 modules/hal_nordic/nrfx/libmodules__hal_nordic__nrfx.a(nrfx_gpiote.c.obj)
 .text.nrfx_gpiote_input_configure
                0x0000000000002fb8      0x15c modules/hal_nordic/nrfx/libmodules__hal_nordic__nrfx.a(nrfx_gpiote.c.obj)
                0x0000000000002fb8                nrfx_gpiote_input_configure
 .text.nrfx_gpiote_output_configure
                0x0000000000003114       0xe4 modules/hal_nordic/nrfx/libmodules__hal_nordic__nrfx.a(nrfx_gpiote.c.obj)
                0x0000000000003114                nrfx_gpiote_output_configure
 .text.nrfx_gpiote_global_callback_set
                0x00000000000031f8        0xc modules/hal_nordic/nrfx/libmodules__hal_nordic__nrfx.a(nrfx_gpiote.c.obj)
                0x00000000000031f8                nrfx_gpiote_global_callback_set
 .text.nrfx_gpiote_channel_get
                0x0000000000003204       0x2c modules/hal_nordic/nrfx/libmodules__hal_nordic__nrfx.a(nrfx_gpiote.c.obj)
                0x0000000000003204                nrfx_gpiote_channel_get
 .text.nrfx_gpiote_init
                0x0000000000003230       0x50 modules/hal_nordic/nrfx/libmodules__hal_nordic__nrfx.a(nrfx_gpiote.c.obj)
                0x0000000000003230                nrfx_gpiote_init
 .text.nrfx_gpiote_is_init
                0x0000000000003280       0x14 modules/hal_nordic/nrfx/libmodules__hal_nordic__nrfx.a(nrfx_gpiote.c.obj)
                0x0000000000003280                nrfx_gpiote_is_init
 .text.nrfx_gpiote_channel_free
                0x0000000000003294        0xc modules/hal_nordic/nrfx/libmodules__hal_nordic__nrfx.a(nrfx_gpiote.c.obj)
                0x0000000000003294                nrfx_gpiote_channel_free
 .text.nrfx_gpiote_channel_alloc
                0x00000000000032a0        0xc modules/hal_nordic/nrfx/libmodules__hal_nordic__nrfx.a(nrfx_gpiote.c.obj)
                0x00000000000032a0                nrfx_gpiote_channel_alloc
 .text.nrfx_gpiote_trigger_enable
                0x00000000000032ac       0x90 modules/hal_nordic/nrfx/libmodules__hal_nordic__nrfx.a(nrfx_gpiote.c.obj)
                0x00000000000032ac                nrfx_gpiote_trigger_enable
 .text.nrfx_gpiote_trigger_disable
                0x000000000000333c       0x50 modules/hal_nordic/nrfx/libmodules__hal_nordic__nrfx.a(nrfx_gpiote.c.obj)
                0x000000000000333c                nrfx_gpiote_trigger_disable
 .text.nrfx_gpiote_pin_uninit
                0x000000000000338c       0x48 modules/hal_nordic/nrfx/libmodules__hal_nordic__nrfx.a(nrfx_gpiote.c.obj)
                0x000000000000338c                nrfx_gpiote_pin_uninit
 .text.nrfx_gpiote_irq_handler
                0x00000000000033d4      0x1bc modules/hal_nordic/nrfx/libmodules__hal_nordic__nrfx.a(nrfx_gpiote.c.obj)
                0x00000000000033d4                nrfx_gpiote_irq_handler
 .text.nrfx_ppi_channel_alloc
                0x0000000000003590        0xc modules/hal_nordic/nrfx/libmodules__hal_nordic__nrfx.a(nrfx_ppi.c.obj)
                0x0000000000003590                nrfx_ppi_channel_alloc
 .text._DoInit  0x000000000000359c       0x6c modules/segger/libmodules__segger.a(SEGGER_RTT.c.obj)
 .text.z_sys_init_run_level
                0x0000000000003608       0x48 zephyr/kernel/libkernel.a(init.c.obj)
 .text.bg_thread_main
                0x0000000000003650       0x34 zephyr/kernel/libkernel.a(init.c.obj)
 .text.z_bss_zero
                0x0000000000003684       0x18 zephyr/kernel/libkernel.a(init.c.obj)
                0x0000000000003684                z_bss_zero
 .text.z_init_cpu
                0x000000000000369c       0x70 zephyr/kernel/libkernel.a(init.c.obj)
                0x000000000000369c                z_init_cpu
 .text.z_cstart
                0x000000000000370c       0xdc zephyr/kernel/libkernel.a(init.c.obj)
                0x000000000000370c                z_cstart
 .text.init_mem_slab_module
                0x00000000000037e8       0x24 zephyr/kernel/libkernel.a(mem_slab.c.obj)
 .text.k_mem_slab_alloc
                0x000000000000380c       0x5c zephyr/kernel/libkernel.a(mem_slab.c.obj)
                0x000000000000380c                k_mem_slab_alloc
 .text.z_setup_new_thread
                0x0000000000003868       0x64 zephyr/kernel/libkernel.a(thread.c.obj)
                0x0000000000003868                z_setup_new_thread
 .text.z_init_static_threads
                0x00000000000038cc       0xb8 zephyr/kernel/libkernel.a(thread.c.obj)
                0x00000000000038cc                z_init_static_threads
 .text.idle     0x0000000000003984       0x38 zephyr/kernel/libkernel.a(idle.c.obj)
                0x0000000000003984                idle
 .text.z_impl_k_mutex_lock
                0x00000000000039bc       0xf4 zephyr/kernel/libkernel.a(mutex.c.obj)
                0x00000000000039bc                z_impl_k_mutex_lock
 .text.z_impl_k_mutex_unlock
                0x0000000000003ab0       0x78 zephyr/kernel/libkernel.a(mutex.c.obj)
                0x0000000000003ab0                z_impl_k_mutex_unlock
 .text.z_impl_k_sem_give
                0x0000000000003b28       0x40 zephyr/kernel/libkernel.a(sem.c.obj)
                0x0000000000003b28                z_impl_k_sem_give
 .text.z_impl_k_sem_take
                0x0000000000003b68       0x50 zephyr/kernel/libkernel.a(sem.c.obj)
                0x0000000000003b68                z_impl_k_sem_take
 .text.sliceable
                0x0000000000003bb8       0x3c zephyr/kernel/libkernel.a(sched.c.obj)
 .text.slice_timeout
                0x0000000000003bf4       0x20 zephyr/kernel/libkernel.a(sched.c.obj)
 .text.z_reset_time_slice
                0x0000000000003c14       0x50 zephyr/kernel/libkernel.a(sched.c.obj)
                0x0000000000003c14                z_reset_time_slice
 .text.update_cache
                0x0000000000003c64       0x3c zephyr/kernel/libkernel.a(sched.c.obj)
 .text.move_thread_to_end_of_prio_q
                0x0000000000003ca0       0x74 zephyr/kernel/libkernel.a(sched.c.obj)
 .text.ready_thread
                0x0000000000003d14       0x68 zephyr/kernel/libkernel.a(sched.c.obj)
 .text.unready_thread
                0x0000000000003d7c       0x30 zephyr/kernel/libkernel.a(sched.c.obj)
 .text.pend_locked
                0x0000000000003dac       0x30 zephyr/kernel/libkernel.a(sched.c.obj)
 .text.z_time_slice
                0x0000000000003ddc       0x60 zephyr/kernel/libkernel.a(sched.c.obj)
                0x0000000000003ddc                z_time_slice
 .text.z_pend_curr
                0x0000000000003e3c       0x3c zephyr/kernel/libkernel.a(sched.c.obj)
                0x0000000000003e3c                z_pend_curr
 .text.z_set_prio
                0x0000000000003e78       0x8c zephyr/kernel/libkernel.a(sched.c.obj)
                0x0000000000003e78                z_set_prio
 .text.z_reschedule
                0x0000000000003f04       0x24 zephyr/kernel/libkernel.a(sched.c.obj)
                0x0000000000003f04                z_reschedule
 .text.z_sched_start
                0x0000000000003f28       0x3c zephyr/kernel/libkernel.a(sched.c.obj)
                0x0000000000003f28                z_sched_start
 .text.z_impl_k_thread_suspend
                0x0000000000003f64       0x64 zephyr/kernel/libkernel.a(sched.c.obj)
                0x0000000000003f64                z_impl_k_thread_suspend
 .text.k_sched_lock
                0x0000000000003fc8       0x28 zephyr/kernel/libkernel.a(sched.c.obj)
                0x0000000000003fc8                k_sched_lock
 .text.k_sched_unlock
                0x0000000000003ff0       0x38 zephyr/kernel/libkernel.a(sched.c.obj)
                0x0000000000003ff0                k_sched_unlock
 .text.z_sched_init
                0x0000000000004028       0x10 zephyr/kernel/libkernel.a(sched.c.obj)
                0x0000000000004028                z_sched_init
 .text.z_impl_k_yield
                0x0000000000004038       0x7c zephyr/kernel/libkernel.a(sched.c.obj)
                0x0000000000004038                z_impl_k_yield
 .text.z_tick_sleep
                0x00000000000040b4       0x88 zephyr/kernel/libkernel.a(sched.c.obj)
 .text.z_impl_k_sleep
                0x000000000000413c       0x34 zephyr/kernel/libkernel.a(sched.c.obj)
                0x000000000000413c                z_impl_k_sleep
 .text.z_impl_z_current_get
                0x0000000000004170        0xc zephyr/kernel/libkernel.a(sched.c.obj)
                0x0000000000004170                z_impl_z_current_get
 .text.z_thread_abort
                0x000000000000417c       0xc0 zephyr/kernel/libkernel.a(sched.c.obj)
                0x000000000000417c                z_thread_abort
 .text.z_data_copy
                0x000000000000423c       0x34 zephyr/kernel/libkernel.a(xip.c.obj)
                0x000000000000423c                z_data_copy
 .text.elapsed  0x0000000000004270       0x14 zephyr/kernel/libkernel.a(timeout.c.obj)
 .text.next_timeout
                0x0000000000004284       0x40 zephyr/kernel/libkernel.a(timeout.c.obj)
 .text.remove_timeout
                0x00000000000042c4       0x38 zephyr/kernel/libkernel.a(timeout.c.obj)
 .text.z_add_timeout
                0x00000000000042fc       0xec zephyr/kernel/libkernel.a(timeout.c.obj)
                0x00000000000042fc                z_add_timeout
 .text.sys_clock_announce
                0x00000000000043e8       0xd4 zephyr/kernel/libkernel.a(timeout.c.obj)
                0x00000000000043e8                sys_clock_announce
 .text.sys_clock_tick_get
                0x00000000000044bc       0x34 zephyr/kernel/libkernel.a(timeout.c.obj)
                0x00000000000044bc                sys_clock_tick_get
 .text.boot_banner
                0x00000000000044f0        0xc zephyr/kernel/libkernel.a(banner.c.obj)
                0x00000000000044f0                boot_banner
 .text.nrf_cc3xx_platform_init_no_rng
                0x00000000000044fc       0x38 C:/ncs/v2.4.1/nrfxlib/crypto/nrf_cc310_platform/lib/cortex-m4/soft-float/no-interrupts/libnrf_cc310_platform_0.9.17.a(nrf_cc3xx_platform.c.obj)
                0x00000000000044fc                nrf_cc3xx_platform_init_no_rng
 .text.nrf_cc3xx_platform_abort
                0x0000000000004534       0x24 C:/ncs/v2.4.1/nrfxlib/crypto/nrf_cc310_platform/lib/cortex-m4/soft-float/no-interrupts/libnrf_cc310_platform_0.9.17.a(nrf_cc3xx_platform_abort.c.obj)
 .text.CC_PalAbort
                0x0000000000004558       0x34 C:/ncs/v2.4.1/nrfxlib/crypto/nrf_cc310_platform/lib/cortex-m4/soft-float/no-interrupts/libnrf_cc310_platform_0.9.17.a(nrf_cc3xx_platform_abort.c.obj)
                0x0000000000004558                CC_PalAbort
 .text.nrf_cc3xx_platform_set_abort
                0x000000000000458c       0x10 C:/ncs/v2.4.1/nrfxlib/crypto/nrf_cc310_platform/lib/cortex-m4/soft-float/no-interrupts/libnrf_cc310_platform_0.9.17.a(nrf_cc3xx_platform_abort.c.obj)
                0x000000000000458c                nrf_cc3xx_platform_set_abort
 .text.mutex_free
                0x000000000000459c       0x34 C:/ncs/v2.4.1/nrfxlib/crypto/nrf_cc310_platform/lib/cortex-m4/soft-float/no-interrupts/libnrf_cc310_platform_0.9.17.a(nrf_cc3xx_platform_mutex.c.obj)
 .text.mutex_lock
                0x00000000000045d0       0x48 C:/ncs/v2.4.1/nrfxlib/crypto/nrf_cc310_platform/lib/cortex-m4/soft-float/no-interrupts/libnrf_cc310_platform_0.9.17.a(nrf_cc3xx_platform_mutex.c.obj)
 .text.mutex_unlock
                0x0000000000004618       0x38 C:/ncs/v2.4.1/nrfxlib/crypto/nrf_cc310_platform/lib/cortex-m4/soft-float/no-interrupts/libnrf_cc310_platform_0.9.17.a(nrf_cc3xx_platform_mutex.c.obj)
 .text.mutex_init
                0x0000000000004650       0x20 C:/ncs/v2.4.1/nrfxlib/crypto/nrf_cc310_platform/lib/cortex-m4/soft-float/no-interrupts/libnrf_cc310_platform_0.9.17.a(nrf_cc3xx_platform_mutex.c.obj)
 .text.nrf_cc3xx_platform_set_mutexes
                0x0000000000004670       0x74 C:/ncs/v2.4.1/nrfxlib/crypto/nrf_cc310_platform/lib/cortex-m4/soft-float/no-interrupts/libnrf_cc310_platform_0.9.17.a(nrf_cc3xx_platform_mutex.c.obj)
                0x0000000000004670                nrf_cc3xx_platform_set_mutexes
 .text.CC_LibInitNoRng
                0x00000000000046e4       0x64 C:/ncs/v2.4.1/nrfxlib/crypto/nrf_cc310_platform/lib/cortex-m4/soft-float/no-interrupts/libnrf_cc310_platform_0.9.17.a(cc_lib.c.obj)
                0x00000000000046e4                CC_LibInitNoRng
 .text.CC_HalInit
                0x0000000000004748        0x4 C:/ncs/v2.4.1/nrfxlib/crypto/nrf_cc310_platform/lib/cortex-m4/soft-float/no-interrupts/libnrf_cc310_platform_0.9.17.a(cc_hal.c.obj)
                0x0000000000004748                CC_HalInit
 .text.CC_HalTerminate
                0x000000000000474c        0x4 C:/ncs/v2.4.1/nrfxlib/crypto/nrf_cc310_platform/lib/cortex-m4/soft-float/no-interrupts/libnrf_cc310_platform_0.9.17.a(cc_hal.c.obj)
                0x000000000000474c                CC_HalTerminate
 .text.CC_HalMaskInterrupt
                0x0000000000004750        0xc C:/ncs/v2.4.1/nrfxlib/crypto/nrf_cc310_platform/lib/cortex-m4/soft-float/no-interrupts/libnrf_cc310_platform_0.9.17.a(cc_hal.c.obj)
                0x0000000000004750                CC_HalMaskInterrupt
 .text.CC_PalInit
                0x000000000000475c       0x5c C:/ncs/v2.4.1/nrfxlib/crypto/nrf_cc310_platform/lib/cortex-m4/soft-float/no-interrupts/libnrf_cc310_platform_0.9.17.a(cc_pal.c.obj)
                0x000000000000475c                CC_PalInit
 .text.CC_PalTerminate
                0x00000000000047b8       0x34 C:/ncs/v2.4.1/nrfxlib/crypto/nrf_cc310_platform/lib/cortex-m4/soft-float/no-interrupts/libnrf_cc310_platform_0.9.17.a(cc_pal.c.obj)
                0x00000000000047b8                CC_PalTerminate
 .text.CC_PalDmaInit
                0x00000000000047ec        0x4 C:/ncs/v2.4.1/nrfxlib/crypto/nrf_cc310_platform/lib/cortex-m4/soft-float/no-interrupts/libnrf_cc310_platform_0.9.17.a(cc_pal_dma.c.obj)
                0x00000000000047ec                CC_PalDmaInit
 .text.CC_PalDmaTerminate
                0x00000000000047f0        0x4 C:/ncs/v2.4.1/nrfxlib/crypto/nrf_cc310_platform/lib/cortex-m4/soft-float/no-interrupts/libnrf_cc310_platform_0.9.17.a(cc_pal_dma.c.obj)
                0x00000000000047f0                CC_PalDmaTerminate
 .text.CC_PalMutexCreate
                0x00000000000047f4       0x14 C:/ncs/v2.4.1/nrfxlib/crypto/nrf_cc310_platform/lib/cortex-m4/soft-float/no-interrupts/libnrf_cc310_platform_0.9.17.a(cc_pal_mutex.c.obj)
                0x00000000000047f4                CC_PalMutexCreate
 .text.CC_PalMutexDestroy
                0x0000000000004808       0x14 C:/ncs/v2.4.1/nrfxlib/crypto/nrf_cc310_platform/lib/cortex-m4/soft-float/no-interrupts/libnrf_cc310_platform_0.9.17.a(cc_pal_mutex.c.obj)
                0x0000000000004808                CC_PalMutexDestroy
 .text.CC_PalPowerSaveModeInit
                0x000000000000481c       0x3c C:/ncs/v2.4.1/nrfxlib/crypto/nrf_cc310_platform/lib/cortex-m4/soft-float/no-interrupts/libnrf_cc310_platform_0.9.17.a(cc_pal_pm.c.obj)
                0x000000000000481c                CC_PalPowerSaveModeInit
 .text.CC_PalPowerSaveModeSelect
                0x0000000000004858       0x84 C:/ncs/v2.4.1/nrfxlib/crypto/nrf_cc310_platform/lib/cortex-m4/soft-float/no-interrupts/libnrf_cc310_platform_0.9.17.a(cc_pal_pm.c.obj)
                0x0000000000004858                CC_PalPowerSaveModeSelect
 .text.arch_printk_char_out
                0x00000000000048dc        0x4 zephyr/libzephyr.a(printk.c.obj)
                0x00000000000048dc                arch_printk_char_out
 .text.printk   0x00000000000048e0       0x1a zephyr/libzephyr.a(printk.c.obj)
                0x00000000000048e0                printk
 .text.z_thread_entry
                0x00000000000048fa       0x14 zephyr/libzephyr.a(thread_entry.c.obj)
                0x00000000000048fa                z_thread_entry
 .text.process_recheck
                0x000000000000490e       0x38 zephyr/libzephyr.a(onoff.c.obj)
 .text.validate_args
                0x0000000000004946       0x20 zephyr/libzephyr.a(onoff.c.obj)
 .text.notify_one
                0x0000000000004966       0x2c zephyr/libzephyr.a(onoff.c.obj)
 .text.transition_complete
                0x0000000000004992       0x1c zephyr/libzephyr.a(onoff.c.obj)
 .text.onoff_manager_init
                0x00000000000049ae       0x26 zephyr/libzephyr.a(onoff.c.obj)
                0x00000000000049ae                onoff_manager_init
 .text.onoff_request
                0x00000000000049d4       0xb0 zephyr/libzephyr.a(onoff.c.obj)
                0x00000000000049d4                onoff_request
 .text.sys_notify_validate
                0x0000000000004a84       0x22 zephyr/libzephyr.a(notify.c.obj)
                0x0000000000004a84                sys_notify_validate
 .text.sys_notify_finalize
                0x0000000000004aa6       0x1a zephyr/libzephyr.a(notify.c.obj)
                0x0000000000004aa6                sys_notify_finalize
 .text.encode_uint
                0x0000000000004ac0       0x8c zephyr/libzephyr.a(cbprintf_complete.c.obj)
 .text.outs     0x0000000000004b4c       0x2e zephyr/libzephyr.a(cbprintf_complete.c.obj)
 .text._ConfigAbsSyms
                0x0000000000004b7a        0x2 zephyr/libzephyr.a(configs.c.obj)
                0x0000000000004b7a                _ConfigAbsSyms
 .text.abort_function
                0x0000000000004b7c        0x8 zephyr/libzephyr.a(nrf_cc3xx_platform_abort_zephyr.c.obj)
 .text.z_arm_fatal_error
                0x0000000000004b84        0x4 zephyr/arch/arch/arm/core/aarch32/libarch__arm__core__aarch32.a(fatal.c.obj)
                0x0000000000004b84                z_arm_fatal_error
 .text.z_do_kernel_oops
                0x0000000000004b88        0x8 zephyr/arch/arch/arm/core/aarch32/libarch__arm__core__aarch32.a(fatal.c.obj)
                0x0000000000004b88                z_do_kernel_oops
 .text.z_irq_spurious
                0x0000000000004b90        0x8 zephyr/arch/arch/arm/core/aarch32/libarch__arm__core__aarch32.a(irq_manage.c.obj)
                0x0000000000004b90                z_irq_spurious
 .text.z_arm_nmi
                0x0000000000004b98        0xe zephyr/arch/arch/arm/core/aarch32/libarch__arm__core__aarch32.a(nmi.c.obj)
                0x0000000000004b98                z_arm_nmi
 .text.strcpy   0x0000000000004ba6       0x14 zephyr/lib/libc/minimal/liblib__libc__minimal.a(string.c.obj)
                0x0000000000004ba6                strcpy
 .text.strlen   0x0000000000004bba        0xe zephyr/lib/libc/minimal/liblib__libc__minimal.a(string.c.obj)
                0x0000000000004bba                strlen
 .text.strnlen  0x0000000000004bc8       0x12 zephyr/lib/libc/minimal/liblib__libc__minimal.a(string.c.obj)
                0x0000000000004bc8                strnlen
 .text.memcpy   0x0000000000004bda       0x16 zephyr/lib/libc/minimal/liblib__libc__minimal.a(string.c.obj)
                0x0000000000004bda                memcpy
 .text.memset   0x0000000000004bf0       0x12 zephyr/lib/libc/minimal/liblib__libc__minimal.a(string.c.obj)
                0x0000000000004bf0                memset
 .text._stdout_hook_default
                0x0000000000004c02        0x6 zephyr/lib/libc/minimal/liblib__libc__minimal.a(stdout_console.c.obj)
 .text.pm_state_set
                0x0000000000004c08       0x18 zephyr/soc/arm/nordic_nrf/nrf52/libsoc__arm__nordic_nrf__nrf52.a(power.c.obj)
                0x0000000000004c08                pm_state_set
 .text.pm_state_exit_post_ops
                0x0000000000004c20        0xc zephyr/soc/arm/nordic_nrf/nrf52/libsoc__arm__nordic_nrf__nrf52.a(power.c.obj)
                0x0000000000004c20                pm_state_exit_post_ops
 .text.get_status
                0x0000000000004c2c       0x12 zephyr/drivers/clock_control/libdrivers__clock_control.a(clock_control_nrf.c.obj)
 .text.set_on_state
                0x0000000000004c3e       0x26 zephyr/drivers/clock_control/libdrivers__clock_control.a(clock_control_nrf.c.obj)
 .text.stop     0x0000000000004c64       0x54 zephyr/drivers/clock_control/libdrivers__clock_control.a(clock_control_nrf.c.obj)
 .text.api_stop
                0x0000000000004cb8        0x6 zephyr/drivers/clock_control/libdrivers__clock_control.a(clock_control_nrf.c.obj)
 .text.async_start
                0x0000000000004cbe       0x5e zephyr/drivers/clock_control/libdrivers__clock_control.a(clock_control_nrf.c.obj)
 .text.api_start
                0x0000000000004d1c        0xe zephyr/drivers/clock_control/libdrivers__clock_control.a(clock_control_nrf.c.obj)
 .text.onoff_started_callback
                0x0000000000004d2a       0x12 zephyr/drivers/clock_control/libdrivers__clock_control.a(clock_control_nrf.c.obj)
 .text.lfclk_start
                0x0000000000004d3c        0x6 zephyr/drivers/clock_control/libdrivers__clock_control.a(clock_control_nrf.c.obj)
 .text.lfclk_stop
                0x0000000000004d42        0x6 zephyr/drivers/clock_control/libdrivers__clock_control.a(clock_control_nrf.c.obj)
 .text.blocking_start_callback
                0x0000000000004d48        0x6 zephyr/drivers/clock_control/libdrivers__clock_control.a(clock_control_nrf.c.obj)
 .text.gpio_nrfx_port_get_raw
                0x0000000000004d4e        0xe zephyr/drivers/gpio/libdrivers__gpio.a(gpio_nrfx.c.obj)
 .text.gpio_nrfx_port_set_masked_raw
                0x0000000000004d5c       0x18 zephyr/drivers/gpio/libdrivers__gpio.a(gpio_nrfx.c.obj)
 .text.gpio_nrfx_port_set_bits_raw
                0x0000000000004d74        0xc zephyr/drivers/gpio/libdrivers__gpio.a(gpio_nrfx.c.obj)
 .text.gpio_nrfx_port_clear_bits_raw
                0x0000000000004d80        0xc zephyr/drivers/gpio/libdrivers__gpio.a(gpio_nrfx.c.obj)
 .text.gpio_nrfx_port_toggle_bits
                0x0000000000004d8c       0x1a zephyr/drivers/gpio/libdrivers__gpio.a(gpio_nrfx.c.obj)
 .text.gpio_nrfx_manage_callback
                0x0000000000004da6       0x52 zephyr/drivers/gpio/libdrivers__gpio.a(gpio_nrfx.c.obj)
 .text.pinctrl_lookup_state
                0x0000000000004df8       0x26 zephyr/drivers/pinctrl/libdrivers__pinctrl.a(common.c.obj)
                0x0000000000004df8                pinctrl_lookup_state
 .text.uarte_nrfx_config_get
                0x0000000000004e1e       0x10 zephyr/drivers/serial/libdrivers__serial.a(uart_nrfx_uarte.c.obj)
 .text.uarte_nrfx_err_check
                0x0000000000004e2e        0xe zephyr/drivers/serial/libdrivers__serial.a(uart_nrfx_uarte.c.obj)
 .text.uarte_nrfx_poll_in
                0x0000000000004e3c       0x28 zephyr/drivers/serial/libdrivers__serial.a(uart_nrfx_uarte.c.obj)
 .text.is_tx_ready.isra.0
                0x0000000000004e64       0x20 zephyr/drivers/serial/libdrivers__serial.a(uart_nrfx_uarte.c.obj)
 .text.uarte_nrfx_isr_int
                0x0000000000004e84       0x72 zephyr/drivers/serial/libdrivers__serial.a(uart_nrfx_uarte.c.obj)
 .text.sys_clock_idle_exit
                0x0000000000004ef6        0x2 zephyr/drivers/timer/libdrivers__timer.a(sys_clock_init.c.obj)
                0x0000000000004ef6                sys_clock_idle_exit
 .text.event_clear
                0x0000000000004ef8       0x18 zephyr/drivers/timer/libdrivers__timer.a(nrf_rtc_timer.c.obj)
 .text.k_sys_fatal_error_handler
                0x0000000000004f10        0x8 modules/nrf/lib/fatal_error/lib..__nrf__lib__fatal_error.a(fatal_error.c.obj)
                0x0000000000004f10                k_sys_fatal_error_handler
 .text.hw_cc3xx_init_internal
                0x0000000000004f18        0x4 modules/nrf/drivers/hw_cc310/lib..__nrf__drivers__hw_cc310.a(hw_cc310.c.obj)
 .text.hw_cc3xx_init
                0x0000000000004f1c       0x12 modules/nrf/drivers/hw_cc310/lib..__nrf__drivers__hw_cc310.a(hw_cc310.c.obj)
 .text.nrfx_isr
                0x0000000000004f2e        0x2 modules/hal_nordic/nrfx/libmodules__hal_nordic__nrfx.a(nrfx_glue.c.obj)
                0x0000000000004f2e                nrfx_isr
 .text.nrfx_busy_wait
                0x0000000000004f30        0x4 modules/hal_nordic/nrfx/libmodules__hal_nordic__nrfx.a(nrfx_glue.c.obj)
                0x0000000000004f30                nrfx_busy_wait
 .text.nrfx_clock_enable
                0x0000000000004f34       0x1a modules/hal_nordic/nrfx/libmodules__hal_nordic__nrfx.a(nrfx_clock.c.obj)
                0x0000000000004f34                nrfx_clock_enable
 .text.nrfx_clock_start
                0x0000000000004f4e       0x78 modules/hal_nordic/nrfx/libmodules__hal_nordic__nrfx.a(nrfx_clock.c.obj)
                0x0000000000004f4e                nrfx_clock_start
 .text.nrfx_clock_stop
                0x0000000000004fc6        0x4 modules/hal_nordic/nrfx/libmodules__hal_nordic__nrfx.a(nrfx_clock.c.obj)
                0x0000000000004fc6                nrfx_clock_stop
 .text.nrf_gpio_reconfigure
                0x0000000000004fca       0x92 modules/hal_nordic/nrfx/libmodules__hal_nordic__nrfx.a(nrfx_gpiote.c.obj)
 .text.nrf_gpio_cfg_sense_set
                0x000000000000505c       0x1e modules/hal_nordic/nrfx/libmodules__hal_nordic__nrfx.a(nrfx_gpiote.c.obj)
 .text.SEGGER_RTT_Init
                0x000000000000507a        0x4 modules/segger/libmodules__segger.a(SEGGER_RTT.c.obj)
                0x000000000000507a                SEGGER_RTT_Init
 .text.rtt_init
                0x000000000000507e        0xa modules/segger/libmodules__segger.a(SEGGER_RTT_zephyr.c.obj)
 .text.z_device_state_init
                0x0000000000005088        0x2 zephyr/kernel/libkernel.a(device.c.obj)
                0x0000000000005088                z_device_state_init
 .text.z_device_is_ready
                0x000000000000508a       0x16 zephyr/kernel/libkernel.a(device.c.obj)
                0x000000000000508a                z_device_is_ready
 .text.z_fatal_error
                0x00000000000050a0       0x36 zephyr/kernel/libkernel.a(fatal.c.obj)
                0x00000000000050a0                z_fatal_error
 .text.z_early_memset
                0x00000000000050d6        0x4 zephyr/kernel/libkernel.a(init.c.obj)
                0x00000000000050d6                z_early_memset
 .text.z_early_memcpy
                0x00000000000050da        0x4 zephyr/kernel/libkernel.a(init.c.obj)
                0x00000000000050da                z_early_memcpy
 .text.create_free_list
                0x00000000000050de       0x2c zephyr/kernel/libkernel.a(mem_slab.c.obj)
 .text.k_mem_slab_init
                0x000000000000510a       0x1c zephyr/kernel/libkernel.a(mem_slab.c.obj)
                0x000000000000510a                k_mem_slab_init
 .text.k_mem_slab_free
                0x0000000000005126       0x52 zephyr/kernel/libkernel.a(mem_slab.c.obj)
                0x0000000000005126                k_mem_slab_free
 .text.k_is_in_isr
                0x0000000000005178        0xc zephyr/kernel/libkernel.a(thread.c.obj)
                0x0000000000005178                k_is_in_isr
 .text.z_pm_save_idle_exit
                0x0000000000005184        0xe zephyr/kernel/libkernel.a(idle.c.obj)
                0x0000000000005184                z_pm_save_idle_exit
 .text.adjust_owner_prio.isra.0
                0x0000000000005192       0x10 zephyr/kernel/libkernel.a(mutex.c.obj)
 .text.z_impl_k_mutex_init
                0x00000000000051a2        0xe zephyr/kernel/libkernel.a(mutex.c.obj)
                0x00000000000051a2                z_impl_k_mutex_init
 .text.sys_dlist_remove
                0x00000000000051b0       0x10 zephyr/kernel/libkernel.a(sched.c.obj)
 .text.unpend_thread_no_timeout
                0x00000000000051c0       0x14 zephyr/kernel/libkernel.a(sched.c.obj)
 .text.add_to_waitq_locked
                0x00000000000051d4       0x50 zephyr/kernel/libkernel.a(sched.c.obj)
 .text.z_ready_thread
                0x0000000000005224       0x20 zephyr/kernel/libkernel.a(sched.c.obj)
                0x0000000000005224                z_ready_thread
 .text.z_sched_wake_thread
                0x0000000000005244       0x44 zephyr/kernel/libkernel.a(sched.c.obj)
                0x0000000000005244                z_sched_wake_thread
 .text.z_thread_timeout
                0x0000000000005288        0x8 zephyr/kernel/libkernel.a(sched.c.obj)
                0x0000000000005288                z_thread_timeout
 .text.z_unpend_first_thread
                0x0000000000005290       0x38 zephyr/kernel/libkernel.a(sched.c.obj)
                0x0000000000005290                z_unpend_first_thread
 .text.z_reschedule_irqlock
                0x00000000000052c8       0x18 zephyr/kernel/libkernel.a(sched.c.obj)
                0x00000000000052c8                z_reschedule_irqlock
 .text.z_reschedule_unlocked
                0x00000000000052e0       0x14 zephyr/kernel/libkernel.a(sched.c.obj)
 .text.z_abort_timeout
                0x00000000000052f4       0x2c zephyr/kernel/libkernel.a(timeout.c.obj)
                0x00000000000052f4                z_abort_timeout
 .text.z_get_next_timeout_expiry
                0x0000000000005320       0x20 zephyr/kernel/libkernel.a(timeout.c.obj)
                0x0000000000005320                z_get_next_timeout_expiry
 .text.sys_clock_tick_get_32
                0x0000000000005340        0x8 zephyr/kernel/libkernel.a(timeout.c.obj)
                0x0000000000005340                sys_clock_tick_get_32
 .text.z_impl_k_uptime_ticks
                0x0000000000005348        0x4 zephyr/kernel/libkernel.a(timeout.c.obj)
                0x0000000000005348                z_impl_k_uptime_ticks
 .text.z_impl_k_busy_wait
                0x000000000000534c        0x8 zephyr/kernel/libkernel.a(timeout.c.obj)
                0x000000000000534c                z_impl_k_busy_wait
 .text.main     0x0000000000005354        0x6 zephyr/kernel/libkernel.a(main_weak.c.obj)
                0x0000000000005354                main
 .text._OffsetAbsSyms
                0x000000000000535a        0x2 zephyr/CMakeFiles/offsets.dir/./arch/arm/core/offsets/offsets.c.obj
                0x000000000000535a                _OffsetAbsSyms
 *(SORT_BY_ALIGNMENT(.TEXT.*))
 *(SORT_BY_ALIGNMENT(.gnu.linkonce.t.*))
 *(SORT_BY_ALIGNMENT(.glue_7t))
 .glue_7t       0x000000000000535c        0x0 linker stubs
 *(SORT_BY_ALIGNMENT(.glue_7))
 .glue_7        0x000000000000535c        0x0 linker stubs
 *(SORT_BY_ALIGNMENT(.vfp11_veneer))
 .vfp11_veneer  0x000000000000535c        0x0 linker stubs
 *(SORT_BY_ALIGNMENT(.v4_bx))
 .v4_bx         0x000000000000535c        0x0 linker stubs
                0x000000000000535c                . = ALIGN (0x4)
                0x000000000000535c                __text_region_end = .

.ARM.exidx      0x000000000000535c        0x8
                0x000000000000535c                __exidx_start = .
 *(SORT_BY_ALIGNMENT(.ARM.exidx*) SORT_BY_ALIGNMENT(gnu.linkonce.armexidx.*))
 .ARM.exidx     0x000000000000535c        0x8 c:/ncs/toolchains/31f4403e35/opt/zephyr-sdk/arm-zephyr-eabi/bin/../lib/gcc/arm-zephyr-eabi/12.2.0/thumb/v7e-m/nofp\libgcc.a(_udivmoddi4.o)
                0x0000000000005364                __exidx_end = .
                0x0000000000005364                __rodata_region_start = .

initlevel       0x0000000000005364       0x58
                0x0000000000005364                __init_start = .
                0x0000000000005364                __init_EARLY_start = .
 *(SORT_BY_NAME(SORT_BY_ALIGNMENT(.z_init_EARLY[0-9]_*)))
 *(SORT_BY_NAME(SORT_BY_ALIGNMENT(.z_init_EARLY[1-9][0-9]_*)))
                0x0000000000005364                __init_PRE_KERNEL_1_start = .
 *(SORT_BY_NAME(SORT_BY_ALIGNMENT(.z_init_PRE_KERNEL_1[0-9]_*)))
 .z_init_PRE_KERNEL_10_
                0x0000000000005364        0x8 zephyr/soc/arm/nordic_nrf/nrf52/libsoc__arm__nordic_nrf__nrf52.a(soc.c.obj)
 *(SORT_BY_NAME(SORT_BY_ALIGNMENT(.z_init_PRE_KERNEL_1[1-9][0-9]_*)))
 .z_init_PRE_KERNEL_130_
                0x000000000000536c        0x8 zephyr/drivers/clock_control/libdrivers__clock_control.a(clock_control_nrf.c.obj)
 .z_init_PRE_KERNEL_130_
                0x0000000000005374        0x8 modules/segger/libmodules__segger.a(SEGGER_RTT_zephyr.c.obj)
 .z_init_PRE_KERNEL_130_
                0x000000000000537c        0x8 zephyr/kernel/libkernel.a(mem_slab.c.obj)
 .z_init_PRE_KERNEL_140_
                0x0000000000005384       0x10 zephyr/drivers/gpio/libdrivers__gpio.a(gpio_nrfx.c.obj)
 .z_init_PRE_KERNEL_140_
                0x0000000000005394        0x8 modules/nrf/drivers/hw_cc310/lib..__nrf__drivers__hw_cc310.a(hw_cc310.c.obj)
 .z_init_PRE_KERNEL_155_
                0x000000000000539c        0x8 zephyr/drivers/serial/libdrivers__serial.a(uart_nrfx_uarte.c.obj)
 .z_init_PRE_KERNEL_160_
                0x00000000000053a4        0x8 zephyr/drivers/console/libdrivers__console.a(uart_console.c.obj)
                0x00000000000053ac                __init_PRE_KERNEL_2_start = .
 *(SORT_BY_NAME(SORT_BY_ALIGNMENT(.z_init_PRE_KERNEL_2[0-9]_*)))
 .z_init_PRE_KERNEL_20_
                0x00000000000053ac        0x8 zephyr/drivers/timer/libdrivers__timer.a(nrf_rtc_timer.c.obj)
 *(SORT_BY_NAME(SORT_BY_ALIGNMENT(.z_init_PRE_KERNEL_2[1-9][0-9]_*)))
                0x00000000000053b4                __init_POST_KERNEL_start = .
 *(SORT_BY_NAME(SORT_BY_ALIGNMENT(.z_init_POST_KERNEL[0-9]_*)))
 *(SORT_BY_NAME(SORT_BY_ALIGNMENT(.z_init_POST_KERNEL[1-9][0-9]_*)))
 .z_init_POST_KERNEL40_
                0x00000000000053b4        0x8 modules/nrf/drivers/hw_cc310/lib..__nrf__drivers__hw_cc310.a(hw_cc310.c.obj)
                0x00000000000053bc                __init_APPLICATION_start = .
 *(SORT_BY_NAME(SORT_BY_ALIGNMENT(.z_init_APPLICATION[0-9]_*)))
 *(SORT_BY_NAME(SORT_BY_ALIGNMENT(.z_init_APPLICATION[1-9][0-9]_*)))
                0x00000000000053bc                __init_SMP_start = .
 *(SORT_BY_NAME(SORT_BY_ALIGNMENT(.z_init_SMP[0-9]_*)))
 *(SORT_BY_NAME(SORT_BY_ALIGNMENT(.z_init_SMP[1-9][0-9]_*)))
                0x00000000000053bc                __init_end = .

devices         0x00000000000053bc       0x60
                0x00000000000053bc                __device_start = .
                0x00000000000053bc                __device_EARLY_start = .
 *(SORT_BY_NAME(SORT_BY_ALIGNMENT(.z_device_EARLY[0-9]_*)))
 *(SORT_BY_NAME(SORT_BY_ALIGNMENT(.z_device_EARLY[1-9][0-9]_*)))
                0x00000000000053bc                __device_PRE_KERNEL_1_start = .
 *(SORT_BY_NAME(SORT_BY_ALIGNMENT(.z_device_PRE_KERNEL_1[0-9]_*)))
 *(SORT_BY_NAME(SORT_BY_ALIGNMENT(.z_device_PRE_KERNEL_1[1-9][0-9]_*)))
 .z_device_PRE_KERNEL_130_
                0x00000000000053bc       0x18 zephyr/drivers/clock_control/libdrivers__clock_control.a(clock_control_nrf.c.obj)
                0x00000000000053bc                __device_dts_ord_74
 .z_device_PRE_KERNEL_140_
                0x00000000000053d4       0x30 zephyr/drivers/gpio/libdrivers__gpio.a(gpio_nrfx.c.obj)
                0x00000000000053d4                __device_dts_ord_104
                0x00000000000053ec                __device_dts_ord_11
 .z_device_PRE_KERNEL_155_
                0x0000000000005404       0x18 zephyr/drivers/serial/libdrivers__serial.a(uart_nrfx_uarte.c.obj)
                0x0000000000005404                __device_dts_ord_112
                0x000000000000541c                __device_PRE_KERNEL_2_start = .
 *(SORT_BY_NAME(SORT_BY_ALIGNMENT(.z_device_PRE_KERNEL_2[0-9]_*)))
 *(SORT_BY_NAME(SORT_BY_ALIGNMENT(.z_device_PRE_KERNEL_2[1-9][0-9]_*)))
                0x000000000000541c                __device_POST_KERNEL_start = .
 *(SORT_BY_NAME(SORT_BY_ALIGNMENT(.z_device_POST_KERNEL[0-9]_*)))
 *(SORT_BY_NAME(SORT_BY_ALIGNMENT(.z_device_POST_KERNEL[1-9][0-9]_*)))
                0x000000000000541c                __device_APPLICATION_start = .
 *(SORT_BY_NAME(SORT_BY_ALIGNMENT(.z_device_APPLICATION[0-9]_*)))
 *(SORT_BY_NAME(SORT_BY_ALIGNMENT(.z_device_APPLICATION[1-9][0-9]_*)))
                0x000000000000541c                __device_SMP_start = .
 *(SORT_BY_NAME(SORT_BY_ALIGNMENT(.z_device_SMP[0-9]_*)))
 *(SORT_BY_NAME(SORT_BY_ALIGNMENT(.z_device_SMP[1-9][0-9]_*)))
                0x000000000000541c                __device_end = .

sw_isr_table    0x000000000000541c      0x180
                0x000000000000541c                . = ALIGN (0x4)
 *(SORT_BY_ALIGNMENT(.gnu.linkonce.sw_isr_table*))
 .gnu.linkonce.sw_isr_table
                0x000000000000541c      0x180 zephyr/arch/common/libisr_tables.a(isr_tables.c.obj)
                0x000000000000541c                _sw_isr_table

initlevel_error
                0x0000000000005364        0x0
 *(SORT_BY_NAME(SORT_BY_ALIGNMENT(.z_init_[_A-Z0-9]*)))
                0x0000000000000001                ASSERT ((SIZEOF (initlevel_error) == 0x0), Undefined initialization levels used.)

app_shmem_regions
                0x000000000000559c        0x0
                0x000000000000559c                __app_shmem_regions_start = .
 *(SORT_BY_NAME(SORT_BY_ALIGNMENT(.app_regions.*)))
                0x000000000000559c                __app_shmem_regions_end = .

k_p4wq_initparam_area
                0x000000000000559c        0x0
                0x000000000000559c                _k_p4wq_initparam_list_start = .
 *(SORT_BY_NAME(SORT_BY_ALIGNMENT(._k_p4wq_initparam.static.*)))
                0x000000000000559c                _k_p4wq_initparam_list_end = .

_static_thread_data_area
                0x000000000000559c       0xb0
                0x000000000000559c                __static_thread_data_list_start = .
 *(SORT_BY_NAME(SORT_BY_ALIGNMENT(.__static_thread_data.static.*)))
 .__static_thread_data.static._k_thread_data_Duck1_THREAD_id
                0x000000000000559c       0x2c app/libapp.a(main.c.obj)
                0x000000000000559c                _k_thread_data_Duck1_THREAD_id
 .__static_thread_data.static._k_thread_data_Duck2_THREAD_id
                0x00000000000055c8       0x2c app/libapp.a(main.c.obj)
                0x00000000000055c8                _k_thread_data_Duck2_THREAD_id
 .__static_thread_data.static._k_thread_data_Goose_THREAD_id
                0x00000000000055f4       0x2c app/libapp.a(main.c.obj)
                0x00000000000055f4                _k_thread_data_Goose_THREAD_id
 .__static_thread_data.static._k_thread_data_Main_THREAD_id
                0x0000000000005620       0x2c app/libapp.a(main.c.obj)
                0x0000000000005620                _k_thread_data_Main_THREAD_id
                0x000000000000564c                __static_thread_data_list_end = .

device_handles  0x000000000000564c       0x18
                0x000000000000564c                __device_handles_start = .
 *(SORT_BY_NAME(SORT_BY_ALIGNMENT(.__device_handles_pass2*)))
 .__device_handles_pass2
                0x000000000000564c       0x18 zephyr/CMakeFiles/zephyr_pre1.dir/dev_handles.c.obj
                0x000000000000564c                __devicehdl_dts_ord_112
                0x0000000000005652                __devicehdl_dts_ord_11
                0x0000000000005658                __devicehdl_dts_ord_104
                0x000000000000565e                __devicehdl_dts_ord_74
                0x0000000000005664                __device_handles_end = .

ztest           0x0000000000005664        0x0
                0x0000000000005664                _ztest_expected_result_entry_list_start = .
 *(SORT_BY_NAME(SORT_BY_ALIGNMENT(._ztest_expected_result_entry.static.*)))
                0x0000000000005664                _ztest_expected_result_entry_list_end = .
                0x0000000000005664                _ztest_suite_node_list_start = .
 *(SORT_BY_NAME(SORT_BY_ALIGNMENT(._ztest_suite_node.static.*)))
                0x0000000000005664                _ztest_suite_node_list_end = .
                0x0000000000005664                _ztest_unit_test_list_start = .
 *(SORT_BY_NAME(SORT_BY_ALIGNMENT(._ztest_unit_test.static.*)))
                0x0000000000005664                _ztest_unit_test_list_end = .
                0x0000000000005664                _ztest_test_rule_list_start = .
 *(SORT_BY_NAME(SORT_BY_ALIGNMENT(._ztest_test_rule.static.*)))
                0x0000000000005664                _ztest_test_rule_list_end = .

bt_l2cap_fixed_chan_area
                0x0000000000005664        0x0
                0x0000000000005664                _bt_l2cap_fixed_chan_list_start = .
 *(SORT_BY_NAME(SORT_BY_ALIGNMENT(._bt_l2cap_fixed_chan.static.*)))
                0x0000000000005664                _bt_l2cap_fixed_chan_list_end = .

bt_gatt_service_static_area
                0x0000000000005664        0x0
                0x0000000000005664                _bt_gatt_service_static_list_start = .
 *(SORT_BY_NAME(SORT_BY_ALIGNMENT(._bt_gatt_service_static.static.*)))
                0x0000000000005664                _bt_gatt_service_static_list_end = .

log_strings_sections
                0x0000000000005664        0x0
                0x0000000000005664                __log_strings_start = .
 *(SORT_BY_NAME(SORT_BY_ALIGNMENT(.log_strings*)))
                0x0000000000005664                __log_strings_end = .

log_const_sections
                0x0000000000005664       0x58
                0x0000000000005664                __log_const_start = .
 *(SORT_BY_NAME(SORT_BY_ALIGNMENT(.log_const_*)))
 .log_const_NRFX_CLOCK
                0x0000000000005664        0x8 modules/hal_nordic/nrfx/libmodules__hal_nordic__nrfx.a(nrfx_clock.c.obj)
                0x0000000000005664                log_const_NRFX_CLOCK
 .log_const_NRFX_GPIOTE
                0x000000000000566c        0x8 modules/hal_nordic/nrfx/libmodules__hal_nordic__nrfx.a(nrfx_gpiote.c.obj)
                0x000000000000566c                log_const_NRFX_GPIOTE
 .log_const_NRFX_PPI
                0x0000000000005674        0x8 modules/hal_nordic/nrfx/libmodules__hal_nordic__nrfx.a(nrfx_ppi.c.obj)
                0x0000000000005674                log_const_NRFX_PPI
 .log_const_cbprintf_package
                0x000000000000567c        0x8 zephyr/libzephyr.a(cbprintf_packaged.c.obj)
                0x000000000000567c                log_const_cbprintf_package
 .log_const_clock_control
                0x0000000000005684        0x8 zephyr/drivers/clock_control/libdrivers__clock_control.a(clock_control_nrf.c.obj)
                0x0000000000005684                log_const_clock_control
 .log_const_fatal_error
                0x000000000000568c        0x8 modules/nrf/lib/fatal_error/lib..__nrf__lib__fatal_error.a(fatal_error.c.obj)
                0x000000000000568c                log_const_fatal_error
 .log_const_mpu
                0x0000000000005694        0x8 zephyr/arch/arch/arm/core/aarch32/mpu/libarch__arm__core__aarch32__mpu.a(arm_core_mpu.c.obj)
                0x0000000000005694                log_const_mpu
 .log_const_os  0x000000000000569c        0x8 zephyr/kernel/libkernel.a(init.c.obj)
                0x000000000000569c                log_const_os
 .log_const_pm  0x00000000000056a4        0x8 zephyr/libzephyr.a(pm.c.obj)
                0x00000000000056a4                log_const_pm
 .log_const_soc
                0x00000000000056ac        0x8 zephyr/soc/arm/nordic_nrf/nrf52/libsoc__arm__nordic_nrf__nrf52.a(soc.c.obj)
                0x00000000000056ac                log_const_soc
 .log_const_uart_nrfx_uarte
                0x00000000000056b4        0x8 zephyr/drivers/serial/libdrivers__serial.a(uart_nrfx_uarte.c.obj)
                0x00000000000056b4                log_const_uart_nrfx_uarte
                0x00000000000056bc                __log_const_end = .

log_backend_area
                0x00000000000056bc        0x0
                0x00000000000056bc                _log_backend_list_start = .
 *(SORT_BY_NAME(SORT_BY_ALIGNMENT(._log_backend.static.*)))
                0x00000000000056bc                _log_backend_list_end = .

log_link_area   0x00000000000056bc        0x0
                0x00000000000056bc                _log_link_list_start = .
 *(SORT_BY_NAME(SORT_BY_ALIGNMENT(._log_link.static.*)))
                0x00000000000056bc                _log_link_list_end = .

tracing_backend_area
                0x00000000000056bc        0x0
                0x00000000000056bc                _tracing_backend_list_start = .
 *(SORT_BY_NAME(SORT_BY_ALIGNMENT(._tracing_backend.static.*)))
                0x00000000000056bc                _tracing_backend_list_end = .

zephyr_dbg_info
 *(SORT_BY_ALIGNMENT(.dbg_thread_info))

symbol_to_keep  0x00000000000056bc        0x0
                0x00000000000056bc                __symbol_to_keep_start = .
 *(SORT_BY_NAME(SORT_BY_ALIGNMENT(.symbol_to_keep*)))
                0x00000000000056bc                __symbol_to_keep_end = .

shell_area      0x00000000000056bc        0x0
                0x00000000000056bc                _shell_list_start = .
 *(SORT_BY_NAME(SORT_BY_ALIGNMENT(._shell.static.*)))
                0x00000000000056bc                _shell_list_end = .

shell_root_cmds_sections
                0x00000000000056bc        0x0
                0x00000000000056bc                __shell_root_cmds_start = .
 *(SORT_BY_NAME(SORT_BY_ALIGNMENT(.shell_root_cmd_*)))
                0x00000000000056bc                __shell_root_cmds_end = .

shell_subcmds_sections
                0x00000000000056bc        0x0
                0x00000000000056bc                __shell_subcmds_start = .
 *(SORT_BY_NAME(SORT_BY_ALIGNMENT(.shell_subcmd_*)))
                0x00000000000056bc                __shell_subcmds_end = .

shell_dynamic_subcmds_sections
                0x00000000000056bc        0x0
                0x00000000000056bc                __shell_dynamic_subcmds_start = .
 *(SORT_BY_NAME(SORT_BY_ALIGNMENT(.shell_dynamic_subcmd_*)))
                0x00000000000056bc                __shell_dynamic_subcmds_end = .

font_entry_sections
                0x00000000000056bc        0x0
                0x00000000000056bc                __font_entry_start = .
 *(SORT_BY_NAME(SORT_BY_ALIGNMENT(._cfb_font.*)))
                0x00000000000056bc                __font_entry_end = .

rodata          0x00000000000056c0      0x3b0
 *(SORT_BY_ALIGNMENT(.rodata))
 *(SORT_BY_ALIGNMENT(.rodata.*))
 .rodata.delay_machine_code.0
                0x00000000000056c0        0x6 zephyr/soc/arm/nordic_nrf/nrf52/libsoc__arm__nordic_nrf__nrf52.a(soc.c.obj)
 *fill*         0x00000000000056c6        0x2 
 .rodata.pmstates_DT_N_S_cpus_S_cpu_0
                0x00000000000056c8        0x0 zephyr/libzephyr.a(state.c.obj)
 .rodata.apis   0x00000000000056c8        0x8 zephyr/libzephyr.a(nrf_cc3xx_platform_abort_zephyr.c.obj)
 .rodata.mutexes
                0x00000000000056d0       0x14 zephyr/libzephyr.a(nrf_cc3xx_platform_mutex_zephyr.c.obj)
 .rodata.mutex_apis
                0x00000000000056e4       0x10 zephyr/libzephyr.a(nrf_cc3xx_platform_mutex_zephyr.c.obj)
 .rodata.static_regions
                0x00000000000056f4        0xc zephyr/arch/arch/arm/core/aarch32/mpu/libarch__arm__core__aarch32__mpu.a(arm_core_mpu.c.obj)
 .rodata.mpu_config
                0x0000000000005700        0x8 zephyr/soc/arm/common/cortex_m/libsoc__arm__common__cortex_m.a(arm_mpu_regions.c.obj)
                0x0000000000005700                mpu_config
 .rodata.mpu_regions
                0x0000000000005708       0x18 zephyr/soc/arm/common/cortex_m/libsoc__arm__common__cortex_m.a(arm_mpu_regions.c.obj)
 .rodata.transitions.0
                0x0000000000005720        0xc zephyr/drivers/clock_control/libdrivers__clock_control.a(clock_control_nrf.c.obj)
 .rodata.config
                0x000000000000572c       0x10 zephyr/drivers/clock_control/libdrivers__clock_control.a(clock_control_nrf.c.obj)
 .rodata.clock_control_api
                0x000000000000573c       0x1c zephyr/drivers/clock_control/libdrivers__clock_control.a(clock_control_nrf.c.obj)
 .rodata.gpio_nrfx_p1_cfg
                0x0000000000005758       0x10 zephyr/drivers/gpio/libdrivers__gpio.a(gpio_nrfx.c.obj)
 .rodata.gpio_nrfx_p0_cfg
                0x0000000000005768       0x10 zephyr/drivers/gpio/libdrivers__gpio.a(gpio_nrfx.c.obj)
 .rodata.gpio_nrfx_drv_api_funcs
                0x0000000000005778       0x24 zephyr/drivers/gpio/libdrivers__gpio.a(gpio_nrfx.c.obj)
 .rodata.uarte_0z_config
                0x000000000000579c       0x10 zephyr/drivers/serial/libdrivers__serial.a(uart_nrfx_uarte.c.obj)
 .rodata.__pinctrl_dev_config__device_dts_ord_112
                0x00000000000057ac        0xc zephyr/drivers/serial/libdrivers__serial.a(uart_nrfx_uarte.c.obj)
 .rodata.__pinctrl_states__device_dts_ord_112
                0x00000000000057b8        0x8 zephyr/drivers/serial/libdrivers__serial.a(uart_nrfx_uarte.c.obj)
 .rodata.__pinctrl_state_pins_0__device_dts_ord_112
                0x00000000000057c0       0x10 zephyr/drivers/serial/libdrivers__serial.a(uart_nrfx_uarte.c.obj)
 .rodata.uart_nrfx_uarte_driver_api
                0x00000000000057d0       0x14 zephyr/drivers/serial/libdrivers__serial.a(uart_nrfx_uarte.c.obj)
 .rodata._k_neg_eagain
                0x00000000000057e4        0x4 zephyr/kernel/libkernel.a(errno.c.obj)
                0x00000000000057e4                _k_neg_eagain
 .rodata.levels.0
                0x00000000000057e8       0x18 zephyr/kernel/libkernel.a(init.c.obj)
 .rodata.CSWTCH.10
                0x0000000000005800       0x1c C:/ncs/v2.4.1/nrfxlib/crypto/nrf_cc310_platform/lib/cortex-m4/soft-float/no-interrupts/libnrf_cc310_platform_0.9.17.a(nrf_cc3xx_platform.c.obj)
 .rodata.mutex_free.str1.4
                0x000000000000581c       0x26 C:/ncs/v2.4.1/nrfxlib/crypto/nrf_cc310_platform/lib/cortex-m4/soft-float/no-interrupts/libnrf_cc310_platform_0.9.17.a(nrf_cc3xx_platform_mutex.c.obj)
 *fill*         0x0000000000005842        0x2 
 .rodata.mutex_init.str1.4
                0x0000000000005844       0x23 C:/ncs/v2.4.1/nrfxlib/crypto/nrf_cc310_platform/lib/cortex-m4/soft-float/no-interrupts/libnrf_cc310_platform_0.9.17.a(nrf_cc3xx_platform_mutex.c.obj)
 *fill*         0x0000000000005867        0x1 
 .rodata.CC_PalPowerSaveModeInit.str1.4
                0x0000000000005868       0x20 C:/ncs/v2.4.1/nrfxlib/crypto/nrf_cc310_platform/lib/cortex-m4/soft-float/no-interrupts/libnrf_cc310_platform_0.9.17.a(cc_pal_pm.c.obj)
 .rodata.Main_THREAD.str1.1
                0x0000000000005888        0x6 app/libapp.a(main.c.obj)
 .rodata.str1.1
                0x000000000000588e       0x3f app/libapp.a(main.c.obj)
 .rodata.Duck1_THREAD.str1.1
                0x00000000000058cd        0x6 app/libapp.a(duck1.c.obj)
 .rodata.Duck2_THREAD.str1.1
                0x00000000000058d3        0x6 app/libapp.a(duck2.c.obj)
 .rodata.Goose_THREAD.str1.1
                0x00000000000058d9        0x6 app/libapp.a(goose.c.obj)
 .rodata.str1.1
                0x00000000000058df       0x11 zephyr/libzephyr.a(cbprintf_packaged.c.obj)
 .rodata.z_cbvprintf_impl.str1.1
                0x00000000000058f0        0x6 zephyr/libzephyr.a(cbprintf_complete.c.obj)
 .rodata.sys_reboot.str1.1
                0x00000000000058f6       0x29 zephyr/libzephyr.a(reboot.c.obj)
 .rodata.str1.1
                0x000000000000591f        0x3 zephyr/libzephyr.a(pm.c.obj)
 .rodata.mutex_free_platform.str1.1
                0x0000000000005922       0x26 zephyr/libzephyr.a(nrf_cc3xx_platform_mutex_zephyr.c.obj)
 .rodata.mutex_init_platform.str1.1
                0x0000000000005948       0x2d zephyr/libzephyr.a(nrf_cc3xx_platform_mutex_zephyr.c.obj)
 .rodata.str1.1
                0x0000000000005975        0x4 zephyr/arch/arch/arm/core/aarch32/mpu/libarch__arm__core__aarch32__mpu.a(arm_core_mpu.c.obj)
 .rodata.str1.1
                0x0000000000005979        0xf zephyr/soc/arm/common/cortex_m/libsoc__arm__common__cortex_m.a(arm_mpu_regions.c.obj)
 .rodata.CSWTCH.9
                0x0000000000005988        0x6 zephyr/soc/arm/nordic_nrf/nrf52/libsoc__arm__nordic_nrf__nrf52.a(soc.c.obj)
 .rodata.str1.1
                0x000000000000598e        0x4 zephyr/soc/arm/nordic_nrf/nrf52/libsoc__arm__nordic_nrf__nrf52.a(soc.c.obj)
 .rodata.str1.1
                0x0000000000005992       0x1d zephyr/drivers/clock_control/libdrivers__clock_control.a(clock_control_nrf.c.obj)
 .rodata.str1.1
                0x00000000000059af       0x1c zephyr/drivers/gpio/libdrivers__gpio.a(gpio_nrfx.c.obj)
 .rodata.str1.1
                0x00000000000059cb       0x1e zephyr/drivers/serial/libdrivers__serial.a(uart_nrfx_uarte.c.obj)
 .rodata.str1.1
                0x00000000000059e9        0xc modules/nrf/lib/fatal_error/lib..__nrf__lib__fatal_error.a(fatal_error.c.obj)
 .rodata.CSWTCH.14
                0x00000000000059f5        0x6 modules/hal_nordic/nrfx/libmodules__hal_nordic__nrfx.a(system_nrf52840.c.obj)
 .rodata.CSWTCH.5
                0x00000000000059fb        0x6 modules/hal_nordic/nrfx/libmodules__hal_nordic__nrfx.a(system_nrf52840.c.obj)
 .rodata.str1.1
                0x0000000000005a01        0xb modules/hal_nordic/nrfx/libmodules__hal_nordic__nrfx.a(nrfx_clock.c.obj)
 .rodata.str1.1
                0x0000000000005a0c        0xc modules/hal_nordic/nrfx/libmodules__hal_nordic__nrfx.a(nrfx_gpiote.c.obj)
 .rodata.str1.1
                0x0000000000005a18        0x9 modules/hal_nordic/nrfx/libmodules__hal_nordic__nrfx.a(nrfx_ppi.c.obj)
 .rodata._DoInit.str1.1
                0x0000000000005a21       0x14 modules/segger/libmodules__segger.a(SEGGER_RTT.c.obj)
 .rodata.z_cstart.str1.1
                0x0000000000005a35        0x5 zephyr/kernel/libkernel.a(init.c.obj)
 .rodata.str1.1
                0x0000000000005a3a        0x3 zephyr/kernel/libkernel.a(init.c.obj)
 .rodata.boot_banner.str1.1
                0x0000000000005a3d       0x30 zephyr/kernel/libkernel.a(banner.c.obj)
 *(SORT_BY_ALIGNMENT(.gnu.linkonce.r.*))
                0x0000000000005a70                . = ALIGN (0x4)
 *fill*         0x0000000000005a6d        0x3 
                0x0000000000005a70                __rodata_region_end = .
                0x0000000000005a80                . = ALIGN (_region_min_align)
                0x0000000000008000                . = ALIGN ((0x1 << LOG2CEIL ((__rodata_region_end - ADDR (rom_start)))))
                0x0000000000008000                __rom_region_end = ((__rom_region_start + .) - ADDR (rom_start))

/DISCARD/
 *(SORT_BY_ALIGNMENT(.got.plt))
 *(SORT_BY_ALIGNMENT(.igot.plt))
 *(SORT_BY_ALIGNMENT(.got))
 *(SORT_BY_ALIGNMENT(.igot))
                0x0000000020000000                . = 0x20000000
                0x0000000020000000                . = ALIGN (_region_min_align)
                0x0000000020000000                _image_ram_start = .

.ramfunc        0x0000000020000000        0x0 load address 0x0000000000005a70
                0x0000000020000000                . = ALIGN (_region_min_align)
                0x0000000020000000                . = ALIGN ((0x1 << LOG2CEIL (__ramfunc_size)))
                0x0000000020000000                __ramfunc_start = .
 *(SORT_BY_ALIGNMENT(.ramfunc))
 *(SORT_BY_ALIGNMENT(.ramfunc.*))
                0x0000000020000000                . = ALIGN (_region_min_align)
                0x0000000020000000                . = ALIGN ((0x1 << LOG2CEIL (__ramfunc_size)))
                0x0000000020000000                __ramfunc_end = .
                0x0000000000000000                __ramfunc_size = (__ramfunc_end - __ramfunc_start)
                0x0000000000005a70                __ramfunc_load_start = LOADADDR (.ramfunc)

datas           0x0000000020000000      0x134 load address 0x0000000000005a70
                0x0000000020000000                __data_region_start = .
                0x0000000020000000                __data_start = .
 *(SORT_BY_ALIGNMENT(.data))
 *(SORT_BY_ALIGNMENT(.data.*))
 .data.seed.0   0x0000000020000000        0x4 app/libapp.a(rando_sleep.c.obj)
 .data._char_out
                0x0000000020000004        0x4 zephyr/libzephyr.a(printk.c.obj)
                0x0000000020000004                _char_out
 .data.max_latency_ticks
                0x0000000020000008        0x4 zephyr/libzephyr.a(policy.c.obj)
 .data.power_mutex
                0x000000002000000c        0x8 zephyr/libzephyr.a(nrf_cc3xx_platform_mutex_zephyr.c.obj)
 .data.rng_mutex
                0x0000000020000014        0x8 zephyr/libzephyr.a(nrf_cc3xx_platform_mutex_zephyr.c.obj)
 .data.asym_mutex
                0x000000002000001c        0x8 zephyr/libzephyr.a(nrf_cc3xx_platform_mutex_zephyr.c.obj)
 .data.sym_mutex
                0x0000000020000024        0x8 zephyr/libzephyr.a(nrf_cc3xx_platform_mutex_zephyr.c.obj)
 .data._stdout_hook
                0x000000002000002c        0x4 zephyr/lib/libc/minimal/liblib__libc__minimal.a(stdout_console.c.obj)
 .data.uarte_0_data
                0x0000000020000030       0x1c zephyr/drivers/serial/libdrivers__serial.a(uart_nrfx_uarte.c.obj)
 .data.m_cb     0x000000002000004c       0x7c modules/hal_nordic/nrfx/libmodules__hal_nordic__nrfx.a(nrfx_gpiote.c.obj)
 .data.m_channels_allocated
                0x00000000200000c8        0x4 modules/hal_nordic/nrfx/libmodules__hal_nordic__nrfx.a(nrfx_ppi.c.obj)
 .data.timeout_list
                0x00000000200000cc        0x8 zephyr/kernel/libkernel.a(timeout.c.obj)
 .data.platform_abort_apis
                0x00000000200000d4        0x8 C:/ncs/v2.4.1/nrfxlib/crypto/nrf_cc310_platform/lib/cortex-m4/soft-float/no-interrupts/libnrf_cc310_platform_0.9.17.a(nrf_cc3xx_platform_abort.c.obj)
                0x00000000200000d4                platform_abort_apis
 .data.platform_mutexes
                0x00000000200000dc       0x14 C:/ncs/v2.4.1/nrfxlib/crypto/nrf_cc310_platform/lib/cortex-m4/soft-float/no-interrupts/libnrf_cc310_platform_0.9.17.a(nrf_cc3xx_platform_mutex.c.obj)
                0x00000000200000dc                platform_mutexes
 .data.platform_mutex_apis
                0x00000000200000f0       0x10 C:/ncs/v2.4.1/nrfxlib/crypto/nrf_cc310_platform/lib/cortex-m4/soft-float/no-interrupts/libnrf_cc310_platform_0.9.17.a(nrf_cc3xx_platform_mutex.c.obj)
                0x00000000200000f0                platform_mutex_apis
 .data.power_mutex
                0x0000000020000100        0x8 C:/ncs/v2.4.1/nrfxlib/crypto/nrf_cc310_platform/lib/cortex-m4/soft-float/no-interrupts/libnrf_cc310_platform_0.9.17.a(nrf_cc3xx_platform_mutex.c.obj)
 .data.rng_mutex
                0x0000000020000108        0x8 C:/ncs/v2.4.1/nrfxlib/crypto/nrf_cc310_platform/lib/cortex-m4/soft-float/no-interrupts/libnrf_cc310_platform_0.9.17.a(nrf_cc3xx_platform_mutex.c.obj)
 .data.asym_mutex
                0x0000000020000110        0x8 C:/ncs/v2.4.1/nrfxlib/crypto/nrf_cc310_platform/lib/cortex-m4/soft-float/no-interrupts/libnrf_cc310_platform_0.9.17.a(nrf_cc3xx_platform_mutex.c.obj)
 .data.sym_mutex
                0x0000000020000118        0x8 C:/ncs/v2.4.1/nrfxlib/crypto/nrf_cc310_platform/lib/cortex-m4/soft-float/no-interrupts/libnrf_cc310_platform_0.9.17.a(nrf_cc3xx_platform_mutex.c.obj)
 .data.pCCRndCryptoMutex
                0x0000000020000120        0x4 C:/ncs/v2.4.1/nrfxlib/crypto/nrf_cc310_platform/lib/cortex-m4/soft-float/no-interrupts/libnrf_cc310_platform_0.9.17.a(cc_pal.c.obj)
                0x0000000020000120                pCCRndCryptoMutex
 .data.CCPowerMutex
                0x0000000020000124        0x4 C:/ncs/v2.4.1/nrfxlib/crypto/nrf_cc310_platform/lib/cortex-m4/soft-float/no-interrupts/libnrf_cc310_platform_0.9.17.a(cc_pal.c.obj)
                0x0000000020000124                CCPowerMutex
 .data.CCRndCryptoMutex
                0x0000000020000128        0x4 C:/ncs/v2.4.1/nrfxlib/crypto/nrf_cc310_platform/lib/cortex-m4/soft-float/no-interrupts/libnrf_cc310_platform_0.9.17.a(cc_pal.c.obj)
                0x0000000020000128                CCRndCryptoMutex
 .data.CCAsymCryptoMutex
                0x000000002000012c        0x4 C:/ncs/v2.4.1/nrfxlib/crypto/nrf_cc310_platform/lib/cortex-m4/soft-float/no-interrupts/libnrf_cc310_platform_0.9.17.a(cc_pal.c.obj)
                0x000000002000012c                CCAsymCryptoMutex
 .data.CCSymCryptoMutex
                0x0000000020000130        0x4 C:/ncs/v2.4.1/nrfxlib/crypto/nrf_cc310_platform/lib/cortex-m4/soft-float/no-interrupts/libnrf_cc310_platform_0.9.17.a(cc_pal.c.obj)
                0x0000000020000130                CCSymCryptoMutex
 *(SORT_BY_ALIGNMENT(.kernel.*))
                0x0000000020000134                __data_end = .
                0x0000000000000134                __data_size = (__data_end - __data_start)
                0x0000000000005a70                __data_load_start = LOADADDR (datas)
                0x0000000000005a70                __data_region_load_start = LOADADDR (datas)

device_states   0x0000000020000134        0x8 load address 0x0000000000005ba4
                0x0000000020000134                __device_states_start = .
 *(SORT_BY_ALIGNMENT(.z_devstate))
 .z_devstate    0x0000000020000134        0x2 zephyr/drivers/clock_control/libdrivers__clock_control.a(clock_control_nrf.c.obj)
 .z_devstate    0x0000000020000136        0x4 zephyr/drivers/gpio/libdrivers__gpio.a(gpio_nrfx.c.obj)
 .z_devstate    0x000000002000013a        0x2 zephyr/drivers/serial/libdrivers__serial.a(uart_nrfx_uarte.c.obj)
 *(SORT_BY_ALIGNMENT(.z_devstate.*))
                0x000000002000013c                __device_states_end = .

initshell       0x000000002000013c        0x0 load address 0x0000000000005bac
                0x000000002000013c                __shell_module_start = .
 *(SORT_BY_ALIGNMENT(.shell_module_*))
                0x000000002000013c                __shell_module_end = .
                0x000000002000013c                __shell_cmd_start = .
 *(SORT_BY_ALIGNMENT(.shell_cmd_*))
                0x000000002000013c                __shell_cmd_end = .

log_mpsc_pbuf_area
                0x000000002000013c        0x0 load address 0x0000000000005bac
                0x000000002000013c                _log_mpsc_pbuf_list_start = .
 *(SORT_BY_NAME(SORT_BY_ALIGNMENT(._log_mpsc_pbuf.static.*)))
                0x000000002000013c                _log_mpsc_pbuf_list_end = .

log_msg_ptr_area
                0x000000002000013c        0x0 load address 0x0000000000005bac
                0x000000002000013c                _log_msg_ptr_list_start = .
 *(SORT_BY_NAME(SORT_BY_ALIGNMENT(._log_msg_ptr.static.*)))
                0x000000002000013c                _log_msg_ptr_list_end = .

log_dynamic_sections
                0x000000002000013c        0x0 load address 0x0000000000005bac
                0x000000002000013c                __log_dynamic_start = .
 *(SORT_BY_NAME(SORT_BY_ALIGNMENT(.log_dynamic_*)))
                0x000000002000013c                __log_dynamic_end = .

k_timer_area    0x000000002000013c        0x0 load address 0x0000000000005bac
                0x000000002000013c                _k_timer_list_start = .
 *(SORT_BY_NAME(SORT_BY_ALIGNMENT(._k_timer.static.*)))
                0x000000002000013c                _k_timer_list_end = .

k_mem_slab_area
                0x000000002000013c        0x0 load address 0x0000000000005bac
                0x000000002000013c                _k_mem_slab_list_start = .
 *(SORT_BY_NAME(SORT_BY_ALIGNMENT(._k_mem_slab.static.*)))
                0x000000002000013c                _k_mem_slab_list_end = .

k_heap_area     0x000000002000013c        0x0 load address 0x0000000000005bac
                0x000000002000013c                _k_heap_list_start = .
 *(SORT_BY_NAME(SORT_BY_ALIGNMENT(._k_heap.static.*)))
                0x000000002000013c                _k_heap_list_end = .

k_mutex_area    0x000000002000013c       0x50 load address 0x0000000000005bac
                0x000000002000013c                _k_mutex_list_start = .
 *(SORT_BY_NAME(SORT_BY_ALIGNMENT(._k_mutex.static.*)))
 ._k_mutex.static.asym_mutex_int
                0x000000002000013c       0x14 zephyr/libzephyr.a(nrf_cc3xx_platform_mutex_zephyr.c.obj)
                0x000000002000013c                asym_mutex_int
 ._k_mutex.static.power_mutex_int
                0x0000000020000150       0x14 zephyr/libzephyr.a(nrf_cc3xx_platform_mutex_zephyr.c.obj)
                0x0000000020000150                power_mutex_int
 ._k_mutex.static.rng_mutex_int
                0x0000000020000164       0x14 zephyr/libzephyr.a(nrf_cc3xx_platform_mutex_zephyr.c.obj)
                0x0000000020000164                rng_mutex_int
 ._k_mutex.static.sym_mutex_int
                0x0000000020000178       0x14 zephyr/libzephyr.a(nrf_cc3xx_platform_mutex_zephyr.c.obj)
                0x0000000020000178                sym_mutex_int
                0x000000002000018c                _k_mutex_list_end = .

k_stack_area    0x000000002000018c        0x0 load address 0x0000000000005bfc
                0x000000002000018c                _k_stack_list_start = .
 *(SORT_BY_NAME(SORT_BY_ALIGNMENT(._k_stack.static.*)))
                0x000000002000018c                _k_stack_list_end = .

k_msgq_area     0x000000002000018c        0x0 load address 0x0000000000005bfc
                0x000000002000018c                _k_msgq_list_start = .
 *(SORT_BY_NAME(SORT_BY_ALIGNMENT(._k_msgq.static.*)))
                0x000000002000018c                _k_msgq_list_end = .

k_mbox_area     0x000000002000018c        0x0 load address 0x0000000000005bfc
                0x000000002000018c                _k_mbox_list_start = .
 *(SORT_BY_NAME(SORT_BY_ALIGNMENT(._k_mbox.static.*)))
                0x000000002000018c                _k_mbox_list_end = .

k_pipe_area     0x000000002000018c        0x0 load address 0x0000000000005bfc
                0x000000002000018c                _k_pipe_list_start = .
 *(SORT_BY_NAME(SORT_BY_ALIGNMENT(._k_pipe.static.*)))
                0x000000002000018c                _k_pipe_list_end = .

k_sem_area      0x000000002000018c       0x30 load address 0x0000000000005bfc
                0x000000002000018c                _k_sem_list_start = .
 *(SORT_BY_NAME(SORT_BY_ALIGNMENT(._k_sem.static.*)))
 ._k_sem.static.duck1_semaphore
                0x000000002000018c       0x10 app/libapp.a(main.c.obj)
                0x000000002000018c                duck1_semaphore
 ._k_sem.static.duck2_semaphore
                0x000000002000019c       0x10 app/libapp.a(main.c.obj)
                0x000000002000019c                duck2_semaphore
 ._k_sem.static.goose_semaphore
                0x00000000200001ac       0x10 app/libapp.a(main.c.obj)
                0x00000000200001ac                goose_semaphore
                0x00000000200001bc                _k_sem_list_end = .

k_event_area    0x00000000200001bc        0x0 load address 0x0000000000005c2c
                0x00000000200001bc                _k_event_list_start = .
 *(SORT_BY_NAME(SORT_BY_ALIGNMENT(._k_event.static.*)))
                0x00000000200001bc                _k_event_list_end = .

k_queue_area    0x00000000200001bc        0x0 load address 0x0000000000005c2c
                0x00000000200001bc                _k_queue_list_start = .
 *(SORT_BY_NAME(SORT_BY_ALIGNMENT(._k_queue.static.*)))
                0x00000000200001bc                _k_queue_list_end = .

k_condvar_area  0x00000000200001bc        0x0 load address 0x0000000000005c2c
                0x00000000200001bc                _k_condvar_list_start = .
 *(SORT_BY_NAME(SORT_BY_ALIGNMENT(._k_condvar.static.*)))
                0x00000000200001bc                _k_condvar_list_end = .

_net_buf_pool_area
                0x00000000200001bc        0x0 load address 0x0000000000005c2c
                0x00000000200001bc                _net_buf_pool_list = .
 *(SORT_BY_NAME(SORT_BY_ALIGNMENT(._net_buf_pool.static.*)))
                0x00000000200001bc                __data_region_end = .

bss             0x00000000200001c0      0xff5
                0x00000000200001c0                . = ALIGN (0x4)
                0x00000000200001c0                __bss_start = .
                0x00000000200001c0                __kernel_ram_start = .
 *(SORT_BY_ALIGNMENT(.bss))
 *(SORT_BY_ALIGNMENT(.bss.*))
 .bss._k_thread_obj_Main_THREAD_id
                0x00000000200001c0       0x80 app/libapp.a(main.c.obj)
                0x00000000200001c0                _k_thread_obj_Main_THREAD_id
 .bss._k_thread_obj_Goose_THREAD_id
                0x0000000020000240       0x80 app/libapp.a(main.c.obj)
                0x0000000020000240                _k_thread_obj_Goose_THREAD_id
 .bss._k_thread_obj_Duck2_THREAD_id
                0x00000000200002c0       0x80 app/libapp.a(main.c.obj)
                0x00000000200002c0                _k_thread_obj_Duck2_THREAD_id
 .bss._k_thread_obj_Duck1_THREAD_id
                0x0000000020000340       0x80 app/libapp.a(main.c.obj)
                0x0000000020000340                _k_thread_obj_Duck1_THREAD_id
 .bss.cc_data   0x00000000200003c0       0x10 zephyr/drivers/timer/libdrivers__timer.a(nrf_rtc_timer.c.obj)
 .bss.last_count
                0x00000000200003d0        0x8 zephyr/drivers/timer/libdrivers__timer.a(nrf_rtc_timer.c.obj)
 .bss.anchor    0x00000000200003d8        0x8 zephyr/drivers/timer/libdrivers__timer.a(nrf_rtc_timer.c.obj)
 .bss.z_idle_threads
                0x00000000200003e0       0x80 zephyr/kernel/libkernel.a(init.c.obj)
                0x00000000200003e0                z_idle_threads
 .bss.z_main_thread
                0x0000000020000460       0x80 zephyr/kernel/libkernel.a(init.c.obj)
                0x0000000020000460                z_main_thread
 .bss.slice_timeouts
                0x00000000200004e0       0x18 zephyr/kernel/libkernel.a(sched.c.obj)
 .bss.curr_tick
                0x00000000200004f8        0x8 zephyr/kernel/libkernel.a(timeout.c.obj)
 .bss.duck1_complete
                0x0000000020000500        0x4 app/libapp.a(duck1.c.obj)
                0x0000000020000500                duck1_complete
 .bss.duck2_complete
                0x0000000020000504        0x4 app/libapp.a(duck2.c.obj)
                0x0000000020000504                duck2_complete
 .bss.goose_complete
                0x0000000020000508        0x4 app/libapp.a(goose.c.obj)
                0x0000000020000508                goose_complete
 .bss.z_cpus_pm_forced_state
                0x000000002000050c        0xc zephyr/libzephyr.a(pm.c.obj)
 .bss.z_cpus_pm_state
                0x0000000020000518        0xc zephyr/libzephyr.a(pm.c.obj)
 .bss.pm_notifiers
                0x0000000020000524        0x8 zephyr/libzephyr.a(pm.c.obj)
 .bss.z_post_ops_required
                0x000000002000052c        0x4 zephyr/libzephyr.a(pm.c.obj)
 .bss.mutex_slab_buffer